Component: ARM Compiler 5.06 update 6 (build 750) Tool: armlink [4d35ed]

==============================================================================

Section Cross References

    stm32f10x_it.o(.text) refers to noretval__2printf.o(.text) for __2printf
    stm32f10x_it.o(.text) refers to stm32f10x_tim.o(.text) for TIM_ClearFlag
    system_stm32f10x.o(.text) refers to system_stm32f10x.o(.data) for SystemCoreClock
    startup_stm32f10x_md.o(STACK) refers (Special) to heapauxi.o(.text) for __use_two_region_memory
    startup_stm32f10x_md.o(HEAP) refers (Special) to heapauxi.o(.text) for __use_two_region_memory
    startup_stm32f10x_md.o(RESET) refers (Special) to heapauxi.o(.text) for __use_two_region_memory
    startup_stm32f10x_md.o(RESET) refers to startup_stm32f10x_md.o(STACK) for __initial_sp
    startup_stm32f10x_md.o(RESET) refers to startup_stm32f10x_md.o(.text) for Reset_Handler
    startup_stm32f10x_md.o(RESET) refers to stm32f10x_it.o(.text) for NMI_Handler
    startup_stm32f10x_md.o(RESET) refers to usart.o(.text) for USART1_IRQHandler
    startup_stm32f10x_md.o(.text) refers (Special) to heapauxi.o(.text) for __use_two_region_memory
    startup_stm32f10x_md.o(.text) refers to system_stm32f10x.o(.text) for SystemInit
    startup_stm32f10x_md.o(.text) refers to __main.o(!!!main) for __main
    startup_stm32f10x_md.o(.text) refers to startup_stm32f10x_md.o(HEAP) for Heap_Mem
    startup_stm32f10x_md.o(.text) refers to startup_stm32f10x_md.o(STACK) for Stack_Mem
    stm32f10x_gpio.o(.text) refers to stm32f10x_rcc.o(.text) for RCC_APB2PeriphResetCmd
    stm32f10x_rcc.o(.text) refers to stm32f10x_rcc.o(.data) for APBAHBPrescTable
    stm32f10x_usart.o(.text) refers to stm32f10x_rcc.o(.text) for RCC_APB2PeriphResetCmd
    stm32f10x_adc.o(.text) refers to stm32f10x_rcc.o(.text) for RCC_APB2PeriphResetCmd
    stm32f10x_bkp.o(.text) refers to stm32f10x_rcc.o(.text) for RCC_BackupResetCmd
    stm32f10x_can.o(.text) refers to stm32f10x_rcc.o(.text) for RCC_APB1PeriphResetCmd
    stm32f10x_cec.o(.text) refers to stm32f10x_rcc.o(.text) for RCC_APB1PeriphResetCmd
    stm32f10x_dac.o(.text) refers to stm32f10x_rcc.o(.text) for RCC_APB1PeriphResetCmd
    stm32f10x_i2c.o(.text) refers to stm32f10x_rcc.o(.text) for RCC_APB1PeriphResetCmd
    stm32f10x_pwr.o(.text) refers to stm32f10x_rcc.o(.text) for RCC_APB1PeriphResetCmd
    stm32f10x_spi.o(.text) refers to stm32f10x_rcc.o(.text) for RCC_APB2PeriphResetCmd
    stm32f10x_tim.o(.text) refers to stm32f10x_rcc.o(.text) for RCC_APB2PeriphResetCmd
    stm32f10x_wwdg.o(.text) refers to stm32f10x_rcc.o(.text) for RCC_APB1PeriphResetCmd
    delay.o(.text) refers to delay.o(.data) for fac_us
    sys.o(.text) refers to _printf_pad.o(.text) for _printf_pre_padding
    sys.o(.text) refers to _printf_percent.o(.ARM.Collect$$_printf_percent$$00000000) for _printf_percent
    sys.o(.text) refers to _printf_x.o(.ARM.Collect$$_printf_percent$$0000000C) for _printf_x
    sys.o(.text) refers to _printf_hex_int.o(.text) for _printf_longlong_hex
    sys.o(.text) refers to noretval__2sprintf.o(.text) for __2sprintf
    sys.o(.text) refers to misc.o(.text) for NVIC_PriorityGroupConfig
    sys.o(.text) refers to sys.o(.emb_text) for WFI_SET
    usart.o(.text) refers (Special) to use_no_semi_2.o(.text) for __use_no_semihosting
    usart.o(.text) refers to sys.o(.text) for MY_NVIC_Init
    usart.o(.text) refers to stm32f10x_rcc.o(.text) for RCC_APB2PeriphClockCmd
    usart.o(.text) refers to stm32f10x_usart.o(.text) for USART_DeInit
    usart.o(.text) refers to stm32f10x_gpio.o(.text) for GPIO_Init
    usart.o(.text) refers to usart.o(.data) for USART_RX_STA
    usart.o(.text) refers to usart.o(.bss) for USART_RX_BUF
    usart.o(.bss) refers (Special) to use_no_semi_2.o(.text) for __use_no_semihosting
    usart.o(.data) refers (Special) to use_no_semi_2.o(.text) for __use_no_semihosting
    main.o(.text) refers to _printf_pad.o(.text) for _printf_pre_padding
    main.o(.text) refers to _printf_percent.o(.ARM.Collect$$_printf_percent$$00000000) for _printf_percent
    main.o(.text) refers to _printf_f.o(.ARM.Collect$$_printf_percent$$00000003) for _printf_f
    main.o(.text) refers to printf1.o(x$fpl$printf1) for _printf_fp_dec
    main.o(.text) refers to sys.o(.text) for MY_NVIC_PriorityGroup_Config
    main.o(.text) refers to delay.o(.text) for delay_init
    main.o(.text) refers to lcd.o(.text) for initial_lcd
    main.o(.text) refers to ad5933.o(.text) for DA5933_Get_RsRealImage
    main.o(.text) refers to interface.o(.text) for FormatRsDisStr
    main.o(.text) refers to f2d.o(x$fpl$f2d) for __aeabi_f2d
    main.o(.text) refers to noretval__2sprintf.o(.text) for __2sprintf
    main.o(.text) refers to main.o(.data) for imageData
    main.o(.text) refers to main.o(.bss) for disStr
    interface.o(.text) refers to _printf_pad.o(.text) for _printf_pre_padding
    interface.o(.text) refers to _printf_percent.o(.ARM.Collect$$_printf_percent$$00000000) for _printf_percent
[...]
    .text                                    0x08000414   Section       64  startup_stm32f10x_md.o(.text)
    .text                                    0x08000454   Section        0  misc.o(.text)
    .text                                    0x08000530   Section        0  stm32f10x_gpio.o(.text)
    .text                                    0x0800088c   Section        0  stm32f10x_rcc.o(.text)
    .text                                    0x08000c30   Section        0  stm32f10x_usart.o(.text)
    .text                                    0x08001038   Section        0  stm32f10x_tim.o(.text)
    TI4_Config                               0x080014df   Thumb Code   130  stm32f10x_tim.o(.text)
    TI3_Config                               0x08001573   Thumb Code   122  stm32f10x_tim.o(.text)
    TI2_Config                               0x08001607   Thumb Code   130  stm32f10x_tim.o(.text)
    TI1_Config                               0x0800169b   Thumb Code   108  stm32f10x_tim.o(.text)
    .text                                    0x08001e54   Section        0  delay.o(.text)
    .text                                    0x08001f24   Section        0  sys.o(.text)
    .text                                    0x08002240   Section        0  usart.o(.text)
    .text                                    0x080023cc   Section        0  main.o(.text)
    .text                                    0x08002498   Section        0  interface.o(.text)
    .text                                    0x08002548   Section        0  lcd.o(.text)
    .text                                    0x08002e70   Section        0  ad5933.o(.text)
    .text                                    0x08003600   Section        2  use_no_semi_2.o(.text)
    .text                                    0x08003604   Section        0  noretval__2printf.o(.text)
    .text                                    0x0800361c   Section        0  noretval__2sprintf.o(.text)
    .text                                    0x08003644   Section        0  _printf_pad.o(.text)
    .text                                    0x08003694   Section        0  _printf_hex_int.o(.text)
    .text                                    0x080036ec   Section        0  __printf_flags_wp.o(.text)
    .text                                    0x08003824   Section        0  heapauxi.o(.text)
    .text                                    0x0800382a   Section        2  use_no_semi.o(.text)
    .text                                    0x0800382c   Section        0  _rserrno.o(.text)
    .text                                    0x08003842   Section        0  _printf_intcommon.o(.text)
    .text                                    0x080038f4   Section        0  _printf_fp_dec.o(.text)
    _fp_digits                               0x080038f7   Thumb Code   432  _printf_fp_dec.o(.text)
    .text                                    0x08003d14   Section        0  _printf_char_common.o(.text)
    _printf_input_char                       0x08003d15   Thumb Code    10  _printf_char_common.o(.text)
    .text                                    0x08003d44   Section        0  _sputc.o(.text)
    .text                                    0x08003d50   Section        0  _printf_char_file.o(.text)
    .text                                    0x08003d74   Section        8  rt_locale_intlibspace.o(.text)
    .text                                    0x08003d7c   Section        8  rt_errno_addr_intlibspace.o(.text)
    .text                                    0x08003d84   Section      138  lludiv10.o(.text)
    .text                                    0x08003e10   Section        0  _printf_fp_infnan.o(.text)
    .text                                    0x08003e90   Section        0  bigflt0.o(.text)
    .text                                    0x08003f74   Section        0  ferror.o(.text)
    .text                                    0x08003f7c   Section        8  libspace.o(.text)
    .text                                    0x08003f84   Section       74  sys_stackheap_outer.o(.text)
    .text                                    0x08003fce   Section        0  exit.o(.text)
    .text                                    0x08003fe0   Section      128  strcmpv7m.o(.text)
    CL$$btod_d2e                             0x08004060   Section       62  btod.o(CL$$btod_d2e)
    CL$$btod_d2e_denorm_low                  0x0800409e   Section       70  btod.o(CL$$btod_d2e_denorm_low)
    CL$$btod_d2e_norm_op1                    0x080040e4   Section       96  btod.o(CL$$btod_d2e_norm_op1)
    CL$$btod_div_common                      0x08004144   Section      824  btod.o(CL$$btod_div_common)
    CL$$btod_e2e                             0x0800447c   Section      220  btod.o(CL$$btod_e2e)
    CL$$btod_ediv                            0x08004558   Section       42  btod.o(CL$$btod_ediv)
    CL$$btod_emul                            0x08004582   Section       42  btod.o(CL$$btod_emul)
    CL$$btod_mult_common                     0x080045ac   Section      580  btod.o(CL$$btod_mult_common)
    i.__ARM_fpclassify                       0x080047f0   Section        0  fpclassify.o(i.__ARM_fpclassify)
    i.__kernel_poly                          0x08004818   Section        0  poly.o(i.__kernel_poly)
    i.__mathlib_dbl_infnan                   0x080048c2   Section        0  dunder.o(i.__mathlib_dbl_infnan)
    i.__mathlib_dbl_infnan2                  0x080048c8   Section        0  dunder.o(i.__mathlib_dbl_infnan2)
    i.__mathlib_dbl_underflow                0x080048cc   Section        0  dunder.o(i.__mathlib_dbl_underflow)
    i._is_digit                              0x080048dc   Section        0  __printf_wp.o(i._is_digit)
    i.atan                                   0x080048ec   Section        0  atan.o(i.atan)
    i.atan2                                  0x08004b0c   Section        0  atan2.o(i.atan2)
    i.draw_circle_8                          0x08004c8c   Section        0  lcd.o(i.draw_circle_8)
    i.sqrt                                   0x08004d10   Section        0  sqrt.o(i.sqrt)
    i.swap_int                               0x08004d5c   Section        0  lcd.o(i.swap_int)
    locale$$code                             0x08004d78   Section       44  lc_numeric_c.o(locale$$code)
    x$fpl$d2f                                0x08004da4   Section       98  d2f.o(x$fpl$d2f)
    x$fpl$dadd                               0x08004e08   Section      336  daddsub_clz.o(x$fpl$dadd)
    _dadd1                                   0x08004e19   Thumb Code     0  daddsub_clz.o(x$fpl$dadd)
    x$fpl$dcheck1                            0x08004f58   Section       16  dcheck1.o(x$fpl$dcheck1)
    x$fpl$ddiv                               0x08004f68   Section      688  ddiv.o(x$fpl$ddiv)
    ddiv_entry                               0x08004f6f   Thumb Code     0  ddiv.o(x$fpl$ddiv)
    x$fpl$dfixu                              0x08005218   Section       90  dfixu.o(x$fpl$dfixu)
    x$fpl$dmul                               0x08005274   Section      340  dmul.o(x$fpl$dmul)
    x$fpl$dnaninf                            0x080053c8   Section      156  dnaninf.o(x$fpl$dnaninf)
    x$fpl$dretinf                            0x08005464   Section       12  dretinf.o(x$fpl$dretinf)
    x$fpl$drsb                               0x08005470   Section       22  daddsub_clz.o(x$fpl$drsb)
    x$fpl$dsqrt                              0x08005488   Section      460  dsqrt_noumaal.o(x$fpl$dsqrt)
    x$fpl$dsub                               0x08005654   Section      468  daddsub_clz.o(x$fpl$dsub)
    _dsub1                                   0x08005665   Thumb Code     0  daddsub_clz.o(x$fpl$dsub)
    x$fpl$f2d                                0x08005828   Section       86  f2d.o(x$fpl$f2d)
    x$fpl$fadd                               0x08005880   Section      196  faddsub_clz.o(x$fpl$fadd)
    _fadd1                                   0x0800588f   Thumb Code     0  faddsub_clz.o(x$fpl$fadd)
    x$fpl$fcmpinf                            0x08005944   Section       24  fcmpi.o(x$fpl$fcmpinf)
    x$fpl$fdiv                               0x0800595c   Section      388  fdiv.o(x$fpl$fdiv)
    _fdiv1                                   0x0800595d   Thumb Code     0  fdiv.o(x$fpl$fdiv)
    x$fpl$fflt                               0x08005ae0   Section       48  fflt_clz.o(x$fpl$fflt)
    x$fpl$ffltu                              0x08005b10   Section       38  fflt_clz.o(x$fpl$ffltu)
    x$fpl$fleqf                              0x08005b38   Section      104  fleqf.o(x$fpl$fleqf)
    x$fpl$fmul                               0x08005ba0   Section      258  fmul.o(x$fpl$fmul)
    x$fpl$fnaninf                            0x08005ca2   Section      140  fnaninf.o(x$fpl$fnaninf)
    x$fpl$fretinf                            0x08005d2e   Section       10  fretinf.o(x$fpl$fretinf)
    x$fpl$frleqf                             0x08005d38   Section       98  frleqf.o(x$fpl$frleqf)
    x$fpl$fsub                               0x08005d9c   Section      234  faddsub_clz.o(x$fpl$fsub)
    _fsub1                                   0x08005dab   Thumb Code     0  faddsub_clz.o(x$fpl$fsub)
    x$fpl$printf1                            0x08005e86   Section        4  printf1.o(x$fpl$printf1)
    x$fpl$retnan                             0x08005e8a   Section      100  retnan.o(x$fpl$retnan)
    x$fpl$scalbn                             0x08005eee   Section       92  scalbn.o(x$fpl$scalbn)
    x$fpl$trapveneer                         0x08005f4a   Section       48  trapv.o(x$fpl$trapveneer)
    .constdata                               0x08005f7a   Section     2660  lcd.o(.constdata)
    x$fpl$usenofp                            0x08005f7a   Section        0  usenofp.o(x$fpl$usenofp)
    .constdata                               0x080069de   Section       40  _printf_hex_int.o(.constdata)
    uc_hextab                                0x080069de   Data          20  _printf_hex_int.o(.constdata)
    lc_hextab                                0x080069f2   Data          20  _printf_hex_int.o(.constdata)
    .constdata                               0x08006a06   Section       17  __printf_flags_wp.o(.constdata)
    maptable                                 0x08006a06   Data          17  __printf_flags_wp.o(.constdata)
    .constdata                               0x08006a18   Section      152  atan.o(.constdata)
    atanhi                                   0x08006a18   Data          32  atan.o(.constdata)
    atanlo                                   0x08006a38   Data          32  atan.o(.constdata)
    aTodd                                    0x08006a58   Data          40  atan.o(.constdata)
    aTeven                                   0x08006a80   Data          48  atan.o(.constdata)
    .constdata                               0x08006ab0   Section        8  qnan.o(.constdata)
    .constdata                               0x08006ab8   Section      148  bigflt0.o(.constdata)
    tenpwrs_x                                0x08006ab8   Data          60  bigflt0.o(.constdata)
    tenpwrs_i                                0x08006af4   Data          64  bigflt0.o(.constdata)
    locale$$data                             0x08006b6c   Section       28  lc_numeric_c.o(locale$$data)
    __lcnum_c_name                           0x08006b70   Data           2  lc_numeric_c.o(locale$$data)
    __lcnum_c_start                          0x08006b78   Data           0  lc_numeric_c.o(locale$$data)
    __lcnum_c_point                          0x08006b84   Data           0  lc_numeric_c.o(locale$$data)
    __lcnum_c_thousands                      0x08006b86   Data           0  lc_numeric_c.o(locale$$data)
    __lcnum_c_grouping                       0x08006b87   Data           0  lc_numeric_c.o(locale$$data)
    __lcnum_c_end                            0x08006b88   Data           0  lc_numeric_c.o(locale$$data)
    .data                                    0x20000000   Section       20  system_stm32f10x.o(.data)
    .data                                    0x20000014   Section       20  stm32f10x_rcc.o(.data)
    APBAHBPrescTable                         0x20000014   Data          16  stm32f10x_rcc.o(.data)
    ADCPrescTable                            0x20000024   Data           4  stm32f10x_rcc.o(.data)
    .data                                    0x20000028   Section        4  delay.o(.data)
    fac_us                                   0x20000028   Data           1  delay.o(.data)
    fac_ms                                   0x2000002a   Data           2  delay.o(.data)
    .data                                    0x2000002c   Section        6  usart.o(.data)
    .data                                    0x20000034   Section       12  main.o(.data)
    .data                                    0x20000040   Section      956  lcd.o(.data)
    time                                     0x200003f8   Data           1  lcd.o(.data)
    set                                      0x200003f9   Data           1  lcd.o(.data)
    xbuf                                     0x200003fa   Data           1  lcd.o(.data)
    ybuf                                     0x200003fb   Data           1  lcd.o(.data)
    .data                                    0x200003fc   Section        6  ad5933.o(.data)
    repCnt                                   0x20000400   Data           2  ad5933.o(.data)
    .bss                                     0x20000404   Section       63  usart.o(.bss)
    .bss                                     0x20000443   Section       64  main.o(.bss)
    .bss                                     0x20000483   Section     1024  lcd.o(.bss)
    .bss                                     0x20000884   Section      824  ad5933.o(.bss)
    .bss                                     0x20000bbc   Section       96  libspace.o(.bss)
    HEAP                                     0x20000c20   Section      512  startup_stm32f10x_md.o(HEAP)
    Heap_Mem                                 0x20000c20   Data         512  startup_stm32f10x_md.o(HEAP)
    STACK                                    0x20000e20   Section     1024  startup_stm32f10x_md.o(STACK)
    Stack_Mem                                0x20000e20   Data        1024  startup_stm32f10x_md.o(STACK)
    __initial_sp                             0x20001220   Data           0  startup_stm32f10x_md.o(STACK)

    Global Symbols

    Symbol Name                              Value     Ov Type        Size  Object(Section)

    BuildAttributes$$THM_ISAv4$P$D$K$B$S$PE$A:L22UL41UL21$X:L11$S22US41US21$IEEE1$IW$USESV6$~STKCKD$USESV7$~SHL$OTIME$ROPI$IEEEX$EBA8$UX$STANDARDLIB$REQ8$PRES8$EABIv2 0x00000000   Number         0  anon$$obj.o ABSOLUTE
    __ARM_use_no_argv                        0x00000000   Number         0  main.o ABSOLUTE
    _printf_flags                            0x00000000   Number         0  printf_stubs.o ABSOLUTE
    _printf_return_value                     0x00000000   Number         0  printf_stubs.o ABSOLUTE
    _printf_sizespec                         0x00000000   Number         0  printf_stubs.o ABSOLUTE
    _printf_widthprec                        0x00000000   Number         0  printf_stubs.o ABSOLUTE
    __ARM_exceptions_init                     - Undefined Weak Reference
    __alloca_initialize                       - Undefined Weak Reference
    __arm_preinit_                            - Undefined Weak Reference
    __cpp_initialize__aeabi_                  - Undefined Weak Reference
    __cxa_finalize                            - Undefined Weak Reference
    __sigvec_lookup                           - Undefined Weak Reference
    _atexit_init                              - Undefined Weak Reference
    _call_atexit_fns                          - Undefined Weak Reference
    _clock_init                               - Undefined Weak Reference
    _fp_trap_init                             - Undefined Weak Reference
    _fp_trap_shutdown                         - Undefined Weak Reference
    _get_lc_collate                           - Undefined Weak Reference
    _get_lc_ctype                             - Undefined Weak Reference
    _get_lc_monetary                          - Undefined Weak Reference
    _get_lc_time                              - Undefined Weak Reference
    _getenv_init                              - Undefined Weak Reference
    _handle_redirection                       - Undefined Weak Reference
    _init_alloc                               - Undefined Weak Reference
    _init_user_alloc                          - Undefined Weak Reference
    _initio                                   - Undefined Weak Reference
    _mutex_acquire                            - Undefined Weak Reference
    _mutex_release                            - Undefined Weak Reference
    _printf_truncate_unsigned                 - Undefined Weak Reference
    _rand_init                                - Undefined Weak Reference
    _signal_finish                            - Undefined Weak Reference
    _signal_init                              - Undefined Weak Reference
    _terminate_alloc                          - Undefined Weak Reference
    _terminate_user_alloc                     - Undefined Weak Reference
    _terminateio                              - Undefined Weak Reference
    __Vectors_Size                           0x000000ec   Number         0  startup_stm32f10x_md.o ABSOLUTE
    __Vectors                                0x08000000   Data           4  startup_stm32f10x_md.o(RESET)
    __Vectors_End                            0x080000ec   Data           0  startup_stm32f10x_md.o(RESET)
    __main                                   0x080000ed   Thumb Code     8  __main.o(!!!main)
    __scatterload                            0x080000f5   Thumb Code     0  __scatter.o(!!!scatter)
    __scatterload_rt2                        0x080000f5   Thumb Code    44  __scatter.o(!!!scatter)
    __scatterload_rt2_thumb_only             0x080000f5   Thumb Code     0  __scatter.o(!!!scatter)
    __scatterload_null                       0x08000103   Thumb Code     0  __scatter.o(!!!scatter)
    __decompress                             0x08000129   Thumb Code    90  __dczerorl2.o(!!dczerorl2)
    __decompress1                            0x08000129   Thumb Code     0  __dczerorl2.o(!!dczerorl2)
    __scatterload_zeroinit                   0x08000185   Thumb Code    28  __scatter_zi.o(!!handler_zi)
    _printf_f                                0x080001a1   Thumb Code     0  _printf_f.o(.ARM.Collect$$_printf_percent$$00000003)
    _printf_percent                          0x080001a1   Thumb Code     0  _printf_percent.o(.ARM.Collect$$_printf_percent$$00000000)
    _printf_x                                0x080001a7   Thumb Code     0  _printf_x.o(.ARM.Collect$$_printf_percent$$0000000C)
    _printf_percent_end                      0x080001ad   Thumb Code     0  _printf_percent_end.o(.ARM.Collect$$_printf_percent$$00000017)
    __rt_lib_init                            0x080001b1   Thumb Code     0  libinit.o(.ARM.Collect$$libinit$$00000000)
    __rt_lib_init_fp_1                       0x080001b3   Thumb Code     0  libinit2.o(.ARM.Collect$$libinit$$00000002)
    __rt_lib_init_heap_1                     0x080001b3   Thumb Code     0  libinit2.o(.ARM.Collect$$libinit$$0000000A)
    __rt_lib_init_lc_common                  0x080001b3   Thumb Code     0  libinit2.o(.ARM.Collect$$libinit$$0000000F)
    __rt_lib_init_preinit_1                  0x080001b3   Thumb Code     0  libinit2.o(.ARM.Collect$$libinit$$00000004)
    __rt_lib_init_rand_1                     0x080001b3   Thumb Code     0  libinit2.o(.ARM.Collect$$libinit$$0000000E)
    __rt_lib_init_user_alloc_1               0x080001b3   Thumb Code     0  libinit2.o(.ARM.Collect$$libinit$$0000000C)
    __rt_lib_init_lc_collate_1               0x080001b9   Thumb Code     0  libinit2.o(.ARM.Collect$$libinit$$00000011)
    __rt_lib_init_lc_ctype_1                 0x080001b9   Thumb Code     0  libinit2.o(.ARM.Collect$$libinit$$00000013)
    __rt_lib_init_lc_monetary_1              0x080001b9   Thumb Code     0  libinit2.o(.ARM.Collect$$libinit$$00000015)
    __rt_lib_init_lc_numeric_2               0x080001b9   Thumb Code     0  libinit2.o(.ARM.Collect$$libinit$$00000016)
    __rt_lib_init_alloca_1                   0x080001c3   Thumb Code     0  libinit2.o(.ARM.Collect$$libinit$$0000002E)
    __rt_lib_init_argv_1                     0x080001c3   Thumb Code     0  libinit2.o(.ARM.Collect$$libinit$$0000002C)
    __rt_lib_init_atexit_1                   0x080001c3   Thumb Code     0  libinit2.o(.ARM.Collect$$libinit$$0000001B)
    __rt_lib_init_clock_1                    0x080001c3   Thumb Code     0  libinit2.o(.ARM.Collect$$libinit$$00000021)
    __rt_lib_init_cpp_1                      0x080001c3   Thumb Code     0  libinit2.o(.ARM.Collect$$libinit$$00000032)
    __rt_lib_init_exceptions_1               0x080001c3   Thumb Code     0  libinit2.o(.ARM.Collect$$libinit$$00000030)
    __rt_lib_init_fp_trap_1                  0x080001c3   Thumb Code     0  libinit2.o(.ARM.Collect$$libinit$$0000001F)
    __rt_lib_init_getenv_1                   0x080001c3   Thumb Code     0  libinit2.o(.ARM.Collect$$libinit$$00000023)
    __rt_lib_init_lc_numeric_1               0x080001c3   Thumb Code     0  libinit2.o(.ARM.Collect$$libinit$$00000017)
    __rt_lib_init_lc_time_1                  0x080001c3   Thumb Code     0  libinit2.o(.ARM.Collect$$libinit$$00000019)
    __rt_lib_init_return                     0x080001c3   Thumb Code     0  libinit2.o(.ARM.Collect$$libinit$$00000033)
    __rt_lib_init_signal_1                   0x080001c3   Thumb Code     0  libinit2.o(.ARM.Collect$$libinit$$0000001D)
    __rt_lib_init_stdio_1                    0x080001c3   Thumb Code     0  libinit2.o(.ARM.Collect$$libinit$$00000025)
    __rt_lib_shutdown                        0x080001c5   Thumb Code     0  libshutdown.o(.ARM.Collect$$libshutdown$$00000000)
    __rt_lib_shutdown_cpp_1                  0x080001c7   Thumb Code     0  libshutdown2.o(.ARM.Collect$$libshutdown$$00000002)
    __rt_lib_shutdown_fp_trap_1              0x080001c7   Thumb Code     0  libshutdown2.o(.ARM.Collect$$libshutdown$$00000007)
    __rt_lib_shutdown_heap_1                 0x080001c7   Thumb Code     0  libshutdown2.o(.ARM.Collect$$libshutdown$$0000000F)
    __rt_lib_shutdown_return                 0x080001c7   Thumb Code     0  libshutdown2.o(.ARM.Collect$$libshutdown$$00000010)
    __rt_lib_shutdown_signal_1               0x080001c7   Thumb Code     0  libshutdown2.o(.ARM.Collect$$libshutdown$$0000000A)
    __rt_lib_shutdown_stdio_1                0x080001c7   Thumb Code     0  libshutdown2.o(.ARM.Collect$$libshutdown$$00000004)
    __rt_lib_shutdown_user_alloc_1           0x080001c7   Thumb Code     0  libshutdown2.o(.ARM.Collect$$libshutdown$$0000000C)
    __rt_entry                               0x080001c9   Thumb Code     0  __rtentry.o(.ARM.Collect$$rtentry$$00000000)
    __rt_entry_presh_1                       0x080001c9   Thumb Code     0  __rtentry2.o(.ARM.Collect$$rtentry$$00000002)
    __rt_entry_sh                            0x080001c9   Thumb Code     0  __rtentry4.o(.ARM.Collect$$rtentry$$00000004)
    __rt_entry_li                            0x080001cf   Thumb Code     0  __rtentry2.o(.ARM.Collect$$rtentry$$0000000A)
    __rt_entry_postsh_1                      0x080001cf   Thumb Code     0  __rtentry2.o(.ARM.Collect$$rtentry$$00000009)
    __rt_entry_main                          0x080001d3   Thumb Code     0  __rtentry2.o(.ARM.Collect$$rtentry$$0000000D)
    __rt_entry_postli_1                      0x080001d3   Thumb Code     0  __rtentry2.o(.ARM.Collect$$rtentry$$0000000C)
    __rt_exit                                0x080001db   Thumb Code     0  rtexit.o(.ARM.Collect$$rtexit$$00000000)
    __rt_exit_ls                             0x080001dd   Thumb Code     0  rtexit2.o(.ARM.Collect$$rtexit$$00000003)
    __rt_exit_prels_1                        0x080001dd   Thumb Code     0  rtexit2.o(.ARM.Collect$$rtexit$$00000002)
    __rt_exit_exit                           0x080001e1   Thumb Code     0  rtexit2.o(.ARM.Collect$$rtexit$$00000004)
    WFI_SET                                  0x080001e9   Thumb Code     2  sys.o(.emb_text)
    NMI_Handler                              0x080001ed   Thumb Code     2  stm32f10x_it.o(.text)
    HardFault_Handler                        0x080001ef   Thumb Code    10  stm32f10x_it.o(.text)
    MemManage_Handler                        0x080001f9   Thumb Code     2  stm32f10x_it.o(.text)
    BusFault_Handler                         0x080001fb   Thumb Code     2  stm32f10x_it.o(.text)
    UsageFault_Handler                       0x080001fd   Thumb Code     2  stm32f10x_it.o(.text)
    SVC_Handler                              0x080001ff   Thumb Code     2  stm32f10x_it.o(.text)
    DebugMon_Handler                         0x08000201   Thumb Code     2  stm32f10x_it.o(.text)
    PendSV_Handler                           0x08000203   Thumb Code     2  stm32f10x_it.o(.text)
    SysTick_Handler                          0x08000205   Thumb Code     2  stm32f10x_it.o(.text)
    TIM3_IRQHandler                          0x08000207   Thumb Code    12  stm32f10x_it.o(.text)
    SystemInit                               0x08000313   Thumb Code    78  system_stm32f10x.o(.text)
    SystemCoreClockUpdate                    0x08000361   Thumb Code   142  system_stm32f10x.o(.text)
    Reset_Handler                            0x08000415   Thumb Code     8  startup_stm32f10x_md.o(.text)
    ADC1_2_IRQHandler                        0x0800042f   Thumb Code     0  startup_stm32f10x_md.o(.text)
    CAN1_RX1_IRQHandler                      0x0800042f   Thumb Code     0  startup_stm32f10x_md.o(.text)
    CAN1_SCE_IRQHandler                      0x0800042f   Thumb Code     0  startup_stm32f10x_md.o(.text)
    DMA1_Channel1_IRQHandler                 0x0800042f   Thumb Code     0  startup_stm32f10x_md.o(.text)
    DMA1_Channel2_IRQHandler                 0x0800042f   Thumb Code     0  startup_stm32f10x_md.o(.text)
    DMA1_Channel3_IRQHandler                 0x0800042f   Thumb Code     0  startup_stm32f10x_md.o(.text)
    DMA1_Channel4_IRQHandler                 0x0800042f   Thumb Code     0  startup_stm32f10x_md.o(.text)
    DMA1_Channel5_IRQHandler                 0x0800042f   Thumb Code     0  startup_stm32f10x_md.o(.text)
    DMA1_Channel6_IRQHandler                 0x0800042f   Thumb Code     0  startup_stm32f10x_md.o(.text)
    DMA1_Channel7_IRQHandler                 0x0800042f   Thumb Code     0  startup_stm32f10x_md.o(.text)
    EXTI0_IRQHandler                         0x0800042f   Thumb Code     0  startup_stm32f10x_md.o(.text)
    EXTI15_10_IRQHandler                     0x0800042f   Thumb Code     0  startup_stm32f10x_md.o(.text)
    EXTI1_IRQHandler                         0x0800042f   Thumb Code     0  startup_stm32f10x_md.o(.text)
    EXTI2_IRQHandler                         0x0800042f   Thumb Code     0  startup_stm32f10x_md.o(.text)
    EXTI3_IRQHandler                         0x0800042f   Thumb Code     0  startup_stm32f10x_md.o(.text)
    EXTI4_IRQHandler                         0x0800042f   Thumb Code     0  startup_stm32f10x_md.o(.text)
    EXTI9_5_IRQHandler                       0x0800042f   Thumb Code     0  startup_stm32f10x_md.o(.text)
    FLASH_IRQHandler                         0x0800042f   Thumb Code     0  startup_stm32f10x_md.o(.text)
    I2C1_ER_IRQHandler                       0x0800042f   Thumb Code     0  startup_stm32f10x_md.o(.text)
    I2C1_EV_IRQHandler                       0x0800042f   Thumb Code     0  startup_stm32f10x_md.o(.text)
    I2C2_ER_IRQHandler                       0x0800042f   Thumb Code     0  startup_stm32f10x_md.o(.text)
    I2C2_EV_IRQHandler                       0x0800042f   Thumb Code     0  startup_stm32f10x_md.o(.text)
    PVD_IRQHandler                           0x0800042f   Thumb Code     0  startup_stm32f10x_md.o(.text)
    RCC_IRQHandler                           0x0800042f   Thumb Code     0  startup_stm32f10x_md.o(.text)
    RTCAlarm_IRQHandler                      0x0800042f   Thumb Code     0  startup_stm32f10x_md.o(.text)
    RTC_IRQHandler                           0x0800042f   Thumb Code     0  startup_stm32f10x_md.o(.text)
    SPI1_IRQHandler                          0x0800042f   Thumb Code     0  startup_stm32f10x_md.o(.text)
    SPI2_IRQHandler                          0x0800042f   Thumb Code     0  startup_stm32f10x_md.o(.text)
    TAMPER_IRQHandler                        0x0800042f   Thumb Code     0  startup_stm32f10x_md.o(.text)
    TIM1_BRK_IRQHandler                      0x0800042f   Thumb Code     0  startup_stm32f10x_md.o(.text)
    TIM1_CC_IRQHandler                       0x0800042f   Thumb Code     0  startup_stm32f10x_md.o(.text)
    TIM1_TRG_COM_IRQHandler                  0x0800042f   Thumb Code     0  startup_stm32f10x_md.o(.text)
    TIM1_UP_IRQHandler                       0x0800042f   Thumb Code     0  startup_stm32f10x_md.o(.text)
    TIM2_IRQHandler                          0x0800042f   Thumb Code     0  startup_stm32f10x_md.o(.text)
    TIM4_IRQHandler                          0x0800042f   Thumb Code     0  startup_stm32f10x_md.o(.text)
    USART2_IRQHandler                        0x0800042f   Thumb Code     0  startup_stm32f10x_md.o(.text)
    USART3_IRQHandler                        0x0800042f   Thumb Code     0  startup_stm32f10x_md.o(.text)
    USBWakeUp_IRQHandler                     0x0800042f   Thumb Code     0  startup_stm32f10x_md.o(.text)
    USB_HP_CAN1_TX_IRQHandler                0x0800042f   Thumb Code     0  startup_stm32f10x_md.o(.text)
    USB_LP_CAN1_RX0_IRQHandler               0x0800042f   Thumb Code     0  startup_stm32f10x_md.o(.text)
    WWDG_IRQHandler                          0x0800042f   Thumb Code     0  startup_stm32f10x_md.o(.text)
    __user_initial_stackheap                 0x08000431   Thumb Code     0  startup_stm32f10x_md.o(.text)
    NVIC_PriorityGroupConfig                 0x08000455   Thumb Code    10  misc.o(.text)
    NVIC_Init                                0x0800045f   Thumb Code   100  misc.o(.text)
    NVIC_SetVectorTable                      0x080004c3   Thumb Code    14  misc.o(.text)
    NVIC_SystemLPConfig                      0x080004d1   Thumb Code    34  misc.o(.text)
    SysTick_CLKSourceConfig                  0x080004f3   Thumb Code    40  misc.o(.text)
    GPIO_DeInit                              0x08000531   Thumb Code   172  stm32f10x_gpio.o(.text)
    GPIO_AFIODeInit                          0x080005dd   Thumb Code    20  stm32f10x_gpio.o(.text)
    GPIO_Init                                0x080005f1   Thumb Code   278  stm32f10x_gpio.o(.text)
    GPIO_StructInit                          0x08000707   Thumb Code    16  stm32f10x_gpio.o(.text)
    GPIO_ReadInputDataBit                    0x08000717   Thumb Code    18  stm32f10x_gpio.o(.text)
    GPIO_ReadInputData                       0x08000729   Thumb Code     8  stm32f10x_gpio.o(.text)
    GPIO_ReadOutputDataBit                   0x08000731   Thumb Code    18  stm32f10x_gpio.o(.text)
    GPIO_ReadOutputData                      0x08000743   Thumb Code     8  stm32f10x_gpio.o(.text)
    GPIO_SetBits                             0x0800074b   Thumb Code     4  stm32f10x_gpio.o(.text)
    GPIO_ResetBits                           0x0800074f   Thumb Code     4  stm32f10x_gpio.o(.text)
    GPIO_WriteBit                            0x08000753   Thumb Code    10  stm32f10x_gpio.o(.text)
    GPIO_Write                               0x0800075d   Thumb Code     4  stm32f10x_gpio.o(.text)
    GPIO_PinLockConfig                       0x08000761   Thumb Code    18  stm32f10x_gpio.o(.text)
    GPIO_EventOutputConfig                   0x08000773   Thumb Code    26  stm32f10x_gpio.o(.text)
    GPIO_EventOutputCmd                      0x0800078d   Thumb Code     6  stm32f10x_gpio.o(.text)
    GPIO_PinRemapConfig                      0x08000793   Thumb Code   138  stm32f10x_gpio.o(.text)
    GPIO_EXTILineConfig                      0x0800081d   Thumb Code    66  stm32f10x_gpio.o(.text)
    GPIO_ETH_MediaInterfaceConfig            0x0800085f   Thumb Code     8  stm32f10x_gpio.o(.text)
    RCC_DeInit                               0x0800088d   Thumb Code    64  stm32f10x_rcc.o(.text)
    RCC_HSEConfig                            0x080008cd   Thumb Code    70  stm32f10x_rcc.o(.text)
    RCC_GetFlagStatus                        0x08000913   Thumb Code    56  stm32f10x_rcc.o(.text)
    RCC_WaitForHSEStartUp                    0x0800094b   Thumb Code    56  stm32f10x_rcc.o(.text)
    RCC_AdjustHSICalibrationValue            0x08000983   Thumb Code    20  stm32f10x_rcc.o(.text)
    RCC_HSICmd                               0x08000997   Thumb Code     6  stm32f10x_rcc.o(.text)
    RCC_PLLConfig                            0x0800099d   Thumb Code    24  stm32f10x_rcc.o(.text)
    RCC_PLLCmd                               0x080009b5   Thumb Code     6  stm32f10x_rcc.o(.text)
    RCC_SYSCLKConfig                         0x080009bb   Thumb Code    18  stm32f10x_rcc.o(.text)
    RCC_GetSYSCLKSource                      0x080009cd   Thumb Code    10  stm32f10x_rcc.o(.text)
    RCC_HCLKConfig                           0x080009d7   Thumb Code    18  stm32f10x_rcc.o(.text)
    RCC_PCLK1Config                          0x080009e9   Thumb Code    18  stm32f10x_rcc.o(.text)
    RCC_PCLK2Config                          0x080009fb   Thumb Code    20  stm32f10x_rcc.o(.text)
    RCC_ITConfig                             0x08000a0f   Thumb Code    26  stm32f10x_rcc.o(.text)
    RCC_USBCLKConfig                         0x08000a29   Thumb Code     8  stm32f10x_rcc.o(.text)
    RCC_ADCCLKConfig                         0x08000a31   Thumb Code    18  stm32f10x_rcc.o(.text)
    RCC_LSEConfig                            0x08000a43   Thumb Code    50  stm32f10x_rcc.o(.text)
    RCC_LSICmd                               0x08000a75   Thumb Code     6  stm32f10x_rcc.o(.text)
    RCC_RTCCLKConfig                         0x08000a7b   Thumb Code    12  stm32f10x_rcc.o(.text)
    RCC_RTCCLKCmd                            0x08000a87   Thumb Code     8  stm32f10x_rcc.o(.text)
    RCC_GetClocksFreq                        0x08000a8f   Thumb Code   192  stm32f10x_rcc.o(.text)
    RCC_AHBPeriphClockCmd                    0x08000b4f   Thumb Code    26  stm32f10x_rcc.o(.text)
    RCC_APB2PeriphClockCmd                   0x08000b69   Thumb Code    26  stm32f10x_rcc.o(.text)
    RCC_APB1PeriphClockCmd                   0x08000b83   Thumb Code    26  stm32f10x_rcc.o(.text)
    RCC_APB2PeriphResetCmd                   0x08000b9d   Thumb Code    26  stm32f10x_rcc.o(.text)
    RCC_APB1PeriphResetCmd                   0x08000bb7   Thumb Code    26  stm32f10x_rcc.o(.text)
    RCC_BackupResetCmd                       0x08000bd1   Thumb Code     8  stm32f10x_rcc.o(.text)
    RCC_ClockSecuritySystemCmd               0x08000bd9   Thumb Code     6  stm32f10x_rcc.o(.text)
    RCC_MCOConfig                            0x08000bdf   Thumb Code     6  stm32f10x_rcc.o(.text)
    RCC_ClearFlag                            0x08000be5   Thumb Code    14  stm32f10x_rcc.o(.text)
    RCC_GetITStatus                          0x08000bf3   Thumb Code    20  stm32f10x_rcc.o(.text)
    RCC_ClearITPendingBit                    0x08000c07   Thumb Code     6  stm32f10x_rcc.o(.text)
    USART_DeInit                             0x08000c31   Thumb Code   134  stm32f10x_usart.o(.text)
    USART_Init                               0x08000cb7   Thumb Code   210  stm32f10x_usart.o(.text)
    USART_StructInit                         0x08000d89   Thumb Code    24  stm32f10x_usart.o(.text)
    USART_ClockInit                          0x08000da1   Thumb Code    34  stm32f10x_usart.o(.text)
    USART_ClockStructInit                    0x08000dc3   Thumb Code    12  stm32f10x_usart.o(.text)
    USART_Cmd                                0x08000dcf   Thumb Code    24  stm32f10x_usart.o(.text)
    USART_ITConfig                           0x08000de7   Thumb Code    74  stm32f10x_usart.o(.text)
    USART_DMACmd                             0x08000e31   Thumb Code    18  stm32f10x_usart.o(.text)
    USART_SetAddress                         0x08000e43   Thumb Code    18  stm32f10x_usart.o(.text)
    USART_WakeUpConfig                       0x08000e55   Thumb Code    18  stm32f10x_usart.o(.text)
    USART_ReceiverWakeUpCmd                  0x08000e67   Thumb Code    24  stm32f10x_usart.o(.text)
    USART_LINBreakDetectLengthConfig         0x08000e7f   Thumb Code    18  stm32f10x_usart.o(.text)
    USART_LINCmd                             0x08000e91   Thumb Code    24  stm32f10x_usart.o(.text)
    USART_SendData                           0x08000ea9   Thumb Code     8  stm32f10x_usart.o(.text)
    USART_ReceiveData                        0x08000eb1   Thumb Code    10  stm32f10x_usart.o(.text)
    USART_SendBreak                          0x08000ebb   Thumb Code    10  stm32f10x_usart.o(.text)
    USART_SetGuardTime                       0x08000ec5   Thumb Code    16  stm32f10x_usart.o(.text)
    USART_SetPrescaler                       0x08000ed5   Thumb Code    16  stm32f10x_usart.o(.text)
    USART_SmartCardCmd                       0x08000ee5   Thumb Code    24  stm32f10x_usart.o(.text)
    USART_SmartCardNACKCmd                   0x08000efd   Thumb Code    24  stm32f10x_usart.o(.text)
    USART_HalfDuplexCmd                      0x08000f15   Thumb Code    24  stm32f10x_usart.o(.text)
    USART_OverSampling8Cmd                   0x08000f2d   Thumb Code    22  stm32f10x_usart.o(.text)
    USART_OneBitMethodCmd                    0x08000f43   Thumb Code    24  stm32f10x_usart.o(.text)
    USART_IrDAConfig                         0x08000f5b   Thumb Code    18  stm32f10x_usart.o(.text)
    USART_IrDACmd                            0x08000f6d   Thumb Code    24  stm32f10x_usart.o(.text)
    USART_GetFlagStatus                      0x08000f85   Thumb Code    26  stm32f10x_usart.o(.text)
    USART_ClearFlag                          0x08000f9f   Thumb Code    18  stm32f10x_usart.o(.text)
    USART_GetITStatus                        0x08000fb1   Thumb Code    84  stm32f10x_usart.o(.text)
    USART_ClearITPendingBit                  0x08001005   Thumb Code    52  stm32f10x_usart.o(.text)
    TIM_DeInit                               0x08001039   Thumb Code   424  stm32f10x_tim.o(.text)
    TIM_TimeBaseInit                         0x080011e1   Thumb Code   122  stm32f10x_tim.o(.text)
    TIM_OC1Init                              0x0800125b   Thumb Code   132  stm32f10x_tim.o(.text)
    TIM_OC2Init                              0x080012df   Thumb Code   154  stm32f10x_tim.o(.text)
    TIM_OC3Init                              0x08001379   Thumb Code   150  stm32f10x_tim.o(.text)
    TIM_OC4Init                              0x0800140f   Thumb Code   182  stm32f10x_tim.o(.text)
    TIM_SetIC4Prescaler                      0x080014c5   Thumb Code    26  stm32f10x_tim.o(.text)
    TIM_SetIC3Prescaler                      0x08001561   Thumb Code    18  stm32f10x_tim.o(.text)
    TIM_SetIC2Prescaler                      0x080015ed   Thumb Code    26  stm32f10x_tim.o(.text)
    TIM_SetIC1Prescaler                      0x08001689   Thumb Code    18  stm32f10x_tim.o(.text)
    TIM_ICInit                               0x08001707   Thumb Code   150  stm32f10x_tim.o(.text)
    TIM_PWMIConfig                           0x0800179d   Thumb Code   124  stm32f10x_tim.o(.text)
    TIM_BDTRConfig                           0x08001819   Thumb Code    32  stm32f10x_tim.o(.text)
    TIM_TimeBaseStructInit                   0x08001839   Thumb Code    18  stm32f10x_tim.o(.text)
    TIM_OCStructInit                         0x0800184b   Thumb Code    20  stm32f10x_tim.o(.text)
    TIM_ICStructInit                         0x0800185f   Thumb Code    18  stm32f10x_tim.o(.text)
    TIM_BDTRStructInit                       0x08001871   Thumb Code    40  stm32f10x_tim.o(.text)
    TIM_Cmd                                  0x08001899   Thumb Code    24  stm32f10x_tim.o(.text)
    TIM_CtrlPWMOutputs                       0x080018b1   Thumb Code    30  stm32f10x_tim.o(.text)
    TIM_ITConfig                             0x080018cf   Thumb Code    18  stm32f10x_tim.o(.text)
    TIM_GenerateEvent                        0x080018e1   Thumb Code     4  stm32f10x_tim.o(.text)
    TIM_DMAConfig                            0x080018e5   Thumb Code    10  stm32f10x_tim.o(.text)
    TIM_DMACmd                               0x080018ef   Thumb Code    18  stm32f10x_tim.o(.text)
    TIM_InternalClockConfig                  0x08001901   Thumb Code    12  stm32f10x_tim.o(.text)
    TIM_SelectInputTrigger                   0x0800190d   Thumb Code    18  stm32f10x_tim.o(.text)
    TIM_ITRxExternalClockConfig              0x0800191f   Thumb Code    24  stm32f10x_tim.o(.text)
    TIM_TIxExternalClockConfig               0x08001937   Thumb Code    62  stm32f10x_tim.o(.text)
    TIM_ETRConfig                            0x08001975   Thumb Code    28  stm32f10x_tim.o(.text)
    TIM_ETRClockMode1Config                  0x08001991   Thumb Code    54  stm32f10x_tim.o(.text)
    TIM_ETRClockMode2Config                  0x080019c7   Thumb Code    32  stm32f10x_tim.o(.text)
    TIM_PrescalerConfig                      0x080019e7   Thumb Code     6  stm32f10x_tim.o(.text)
    TIM_CounterModeConfig                    0x080019ed   Thumb Code    18  stm32f10x_tim.o(.text)
    TIM_EncoderInterfaceConfig               0x080019ff   Thumb Code    66  stm32f10x_tim.o(.text)
    TIM_ForcedOC1Config                      0x08001a41   Thumb Code    18  stm32f10x_tim.o(.text)
    TIM_ForcedOC2Config                      0x08001a53   Thumb Code    26  stm32f10x_tim.o(.text)
    TIM_ForcedOC3Config                      0x08001a6d   Thumb Code    18  stm32f10x_tim.o(.text)
    TIM_ForcedOC4Config                      0x08001a7f   Thumb Code    26  stm32f10x_tim.o(.text)
    TIM_ARRPreloadConfig                     0x08001a99   Thumb Code    24  stm32f10x_tim.o(.text)
    TIM_SelectCOM                            0x08001ab1   Thumb Code    24  stm32f10x_tim.o(.text)
    TIM_SelectCCDMA                          0x08001ac9   Thumb Code    24  stm32f10x_tim.o(.text)
    TIM_CCPreloadControl                     0x08001ae1   Thumb Code    24  stm32f10x_tim.o(.text)
    TIM_OC1PreloadConfig                     0x08001af9   Thumb Code    18  stm32f10x_tim.o(.text)
    TIM_OC2PreloadConfig                     0x08001b0b   Thumb Code    26  stm32f10x_tim.o(.text)
    TIM_OC3PreloadConfig                     0x08001b25   Thumb Code    18  stm32f10x_tim.o(.text)
    TIM_OC4PreloadConfig                     0x08001b37   Thumb Code    26  stm32f10x_tim.o(.text)
    TIM_OC1FastConfig                        0x08001b51   Thumb Code    18  stm32f10x_tim.o(.text)
    TIM_OC2FastConfig                        0x08001b63   Thumb Code    26  stm32f10x_tim.o(.text)
    TIM_OC3FastConfig                        0x08001b7d   Thumb Code    18  stm32f10x_tim.o(.text)
    TIM_OC4FastConfig                        0x08001b8f   Thumb Code    26  stm32f10x_tim.o(.text)
    TIM_ClearOC1Ref                          0x08001ba9   Thumb Code    18  stm32f10x_tim.o(.text)
    TIM_ClearOC2Ref                          0x08001bbb   Thumb Code    24  stm32f10x_tim.o(.text)
    TIM_ClearOC3Ref                          0x08001bd3   Thumb Code    18  stm32f10x_tim.o(.text)
    TIM_ClearOC4Ref                          0x08001be5   Thumb Code    24  stm32f10x_tim.o(.text)
    TIM_OC1PolarityConfig                    0x08001bfd   Thumb Code    18  stm32f10x_tim.o(.text)
    TIM_OC1NPolarityConfig                   0x08001c0f   Thumb Code    18  stm32f10x_tim.o(.text)
    TIM_OC2PolarityConfig                    0x08001c21   Thumb Code    26  stm32f10x_tim.o(.text)
    TIM_OC2NPolarityConfig                   0x08001c3b   Thumb Code    26  stm32f10x_tim.o(.text)
    TIM_OC3PolarityConfig                    0x08001c55   Thumb Code    26  stm32f10x_tim.o(.text)
    TIM_OC3NPolarityConfig                   0x08001c6f   Thumb Code    26  stm32f10x_tim.o(.text)
    TIM_OC4PolarityConfig                    0x08001c89   Thumb Code    26  stm32f10x_tim.o(.text)
    TIM_CCxCmd                               0x08001ca3   Thumb Code    30  stm32f10x_tim.o(.text)
    TIM_CCxNCmd                              0x08001cc1   Thumb Code    30  stm32f10x_tim.o(.text)
    TIM_SelectOCxM                           0x08001cdf   Thumb Code    82  stm32f10x_tim.o(.text)
    TIM_UpdateDisableConfig                  0x08001d31   Thumb Code    24  stm32f10x_tim.o(.text)
    TIM_UpdateRequestConfig                  0x08001d49   Thumb Code    24  stm32f10x_tim.o(.text)
    TIM_SelectHallSensor                     0x08001d61   Thumb Code    24  stm32f10x_tim.o(.text)
    TIM_SelectOnePulseMode                   0x08001d79   Thumb Code    18  stm32f10x_tim.o(.text)
    TIM_SelectOutputTrigger                  0x08001d8b   Thumb Code    18  stm32f10x_tim.o(.text)
    TIM_SelectSlaveMode                      0x08001d9d   Thumb Code    18  stm32f10x_tim.o(.text)
    TIM_SelectMasterSlaveMode                0x08001daf   Thumb Code    18  stm32f10x_tim.o(.text)
    TIM_SetCounter                           0x08001dc1   Thumb Code     4  stm32f10x_tim.o(.text)
    TIM_SetAutoreload                        0x08001dc5   Thumb Code     4  stm32f10x_tim.o(.text)
    TIM_SetCompare1                          0x08001dc9   Thumb Code     4  stm32f10x_tim.o(.text)
    TIM_SetCompare2                          0x08001dcd   Thumb Code     4  stm32f10x_tim.o(.text)
    TIM_SetCompare3                          0x08001dd1   Thumb Code     4  stm32f10x_tim.o(.text)
    TIM_SetCompare4                          0x08001dd5   Thumb Code     6  stm32f10x_tim.o(.text)
    TIM_SetClockDivision                     0x08001ddb   Thumb Code    18  stm32f10x_tim.o(.text)
    TIM_GetCapture1                          0x08001ded   Thumb Code     6  stm32f10x_tim.o(.text)
    TIM_GetCapture2                          0x08001df3   Thumb Code     6  stm32f10x_tim.o(.text)
    TIM_GetCapture3                          0x08001df9   Thumb Code     6  stm32f10x_tim.o(.text)
    TIM_GetCapture4                          0x08001dff   Thumb Code     8  stm32f10x_tim.o(.text)
    TIM_GetCounter                           0x08001e07   Thumb Code     6  stm32f10x_tim.o(.text)
    TIM_GetPrescaler                         0x08001e0d   Thumb Code     6  stm32f10x_tim.o(.text)
    TIM_GetFlagStatus                        0x08001e13   Thumb Code    18  stm32f10x_tim.o(.text)
    TIM_ClearFlag                            0x08001e25   Thumb Code     6  stm32f10x_tim.o(.text)
    TIM_GetITStatus                          0x08001e2b   Thumb Code    34  stm32f10x_tim.o(.text)
    TIM_ClearITPendingBit                    0x08001e4d   Thumb Code     6  stm32f10x_tim.o(.text)
    delay_init                               0x08001e55   Thumb Code    56  delay.o(.text)
    delay_us                                 0x08001e8d   Thumb Code    72  delay.o(.text)
    delay_ms                                 0x08001ed5   Thumb Code    72  delay.o(.text)
    STM32_Flash_Capacity                     0x08001f25   Thumb Code   154  sys.o(.text)
    STM32_CPUID                              0x08001fbf   Thumb Code    20  sys.o(.text)
    MY_NVIC_SetVectorTable                   0x08001fd3   Thumb Code    14  sys.o(.text)
    MY_NVIC_PriorityGroup_Config             0x08001fe1   Thumb Code    12  sys.o(.text)
    MY_NVIC_Init                             0x08001fed   Thumb Code    42  sys.o(.text)
    MY_RCC_DeInit                            0x08002017   Thumb Code    90  sys.o(.text)
    SYS_Standby                              0x08002071   Thumb Code    68  sys.o(.text)
    SYS_SoftReset                            0x080020b5   Thumb Code    10  sys.o(.text)
    STM_JTAG_Set                             0x080020bf   Thumb Code    36  sys.o(.text)
    STM_Clock_Init                           0x080020e3   Thumb Code   134  sys.o(.text)
    BCD_to_HEX                               0x08002169   Thumb Code    26  sys.o(.text)
    HEX_to_BCD                               0x08002183   Thumb Code    20  sys.o(.text)
    DX_to_HX                                 0x08002197   Thumb Code    70  sys.o(.text)
    HX_to_DX                                 0x080021dd   Thumb Code    48  sys.o(.text)
    _sys_exit                                0x08002241   Thumb Code     6  usart.o(.text)
    fputc                                    0x08002247   Thumb Code    24  usart.o(.text)
    USARTx_Init                              0x0800225f   Thumb Code   170  usart.o(.text)
    USART1_IRQHandler                        0x08002309   Thumb Code   180  usart.o(.text)
    main                                     0x080023cd   Thumb Code   126  main.o(.text)
    FormatRsDisStr                           0x08002499   Thumb Code   122  interface.o(.text)
    LCD_GPIO_Init                            0x08002549   Thumb Code    72  lcd.o(.text)
    transfer_command                         0x08002591   Thumb Code    68  lcd.o(.text)
    transfer_data                            0x080025d5   Thumb Code    70  lcd.o(.text)
    lcd_address                              0x0800261b   Thumb Code    44  lcd.o(.text)
    LCD_Refresh_Gram                         0x08002647   Thumb Code    60  lcd.o(.text)
    LCD_Clear                                0x08002683   Thumb Code    54  lcd.o(.text)
    initial_lcd                              0x080026b9   Thumb Code   152  lcd.o(.text)
    LCD_draw_Point                           0x08002751   Thumb Code    92  lcd.o(.text)
    LCD_Fill                                 0x080027ad   Thumb Code    54  lcd.o(.text)
    LCD_draw_Square                          0x080027e3   Thumb Code    76  lcd.o(.text)
    LCD_Move_DrawPoint                       0x0800282f   Thumb Code   100  lcd.o(.text)
    Set_Point                                0x08002893   Thumb Code   146  lcd.o(.text)
    LCD_ShowChar                             0x08002925   Thumb Code   198  lcd.o(.text)
    LCD_Show_chineseChar                     0x080029eb   Thumb Code   130  lcd.o(.text)
    WriteA_Chinese                           0x08002a6d   Thumb Code   106  lcd.o(.text)
    LCD_ShowAllString                        0x08002ad7   Thumb Code    84  lcd.o(.text)
    LCD_Show_CEStr                           0x08002b2b   Thumb Code    28  lcd.o(.text)
    LCD_Show_ModeCEStr                       0x08002b47   Thumb Code    26  lcd.o(.text)
    OLED_ShowString                          0x08002b61   Thumb Code    24  lcd.o(.text)
    LCD_ShowString                           0x08002b79   Thumb Code    68  lcd.o(.text)
    LCD_ShowString_12                        0x08002bbd   Thumb Code    68  lcd.o(.text)
    Write_Chinese_String                     0x08002c01   Thumb Code   124  lcd.o(.text)
    LCD_DrawLine                             0x08002c7d   Thumb Code   276  lcd.o(.text)
    LCD_DrawRectangle                        0x08002d91   Thumb Code    74  lcd.o(.text)
    LCD_Drawcircle                           0x08002ddb   Thumb Code   150  lcd.o(.text)
    Ini_I2c                                  0x08002e71   Thumb Code    50  ad5933.o(.text)
    NOPS                                     0x08002ea3   Thumb Code    10  ad5933.o(.text)
    SDA_1                                    0x08002ead   Thumb Code    14  ad5933.o(.text)
    SDA_0                                    0x08002ebb   Thumb Code    14  ad5933.o(.text)
    SCL_1                                    0x08002ec9   Thumb Code    16  ad5933.o(.text)
    SCL_0                                    0x08002ed9   Thumb Code    16  ad5933.o(.text)
    STOP                                     0x08002ee9   Thumb Code    66  ad5933.o(.text)
    GetACK                                   0x08002f2b   Thumb Code    88  ad5933.o(.text)
    SendNACK                                 0x08002f83   Thumb Code    70  ad5933.o(.text)
    START                                    0x08002fc9   Thumb Code    72  ad5933.o(.text)
    SendByte                                 0x08003011   Thumb Code    98  ad5933.o(.text)
    ReadByte                                 0x08003073   Thumb Code    96  ad5933.o(.text)
    Write_Byte                               0x080030d3   Thumb Code    48  ad5933.o(.text)
    SetPointer                               0x08003103   Thumb Code    46  ad5933.o(.text)
    Rece_Byte                                0x08003131   Thumb Code    44  ad5933.o(.text)
    AD5933_Tempter                           0x0800315d   Thumb Code    34  ad5933.o(.text)
    Maopao_Paixu                             0x0800317f   Thumb Code    78  ad5933.o(.text)
    Get_AVE                                  0x080031cd   Thumb Code   108  ad5933.o(.text)
    Fre_To_Hex                               0x08003239   Thumb Code    72  ad5933.o(.text)
    Scale_imp                                0x08003281   Thumb Code   672  ad5933.o(.text)
    AD5933_Sweep                             0x08003521   Thumb Code    86  ad5933.o(.text)
    DA5933_Get_RsRealImage                   0x08003577   Thumb Code    88  ad5933.o(.text)
    __use_no_semihosting                     0x08003601   Thumb Code     2  use_no_semi_2.o(.text)
    __2printf                                0x08003605   Thumb Code    20  noretval__2printf.o(.text)
    __2sprintf                               0x0800361d   Thumb Code    34  noretval__2sprintf.o(.text)
    _printf_pre_padding                      0x08003645   Thumb Code    44  _printf_pad.o(.text)
    _printf_post_padding                     0x08003671   Thumb Code    34  _printf_pad.o(.text)
    _printf_int_hex                          0x08003695   Thumb Code    84  _printf_hex_int.o(.text)
    _printf_longlong_hex                     0x08003695   Thumb Code     0  _printf_hex_int.o(.text)
    __printf                                 0x080036ed   Thumb Code   308  __printf_flags_wp.o(.text)
    __use_two_region_memory                  0x08003825   Thumb Code     2  heapauxi.o(.text)
    __rt_heap_escrow$2region                 0x08003827   Thumb Code     2  heapauxi.o(.text)
    __rt_heap_expand$2region                 0x08003829   Thumb Code     2  heapauxi.o(.text)
    __I$use$semihosting                      0x0800382b   Thumb Code     0  use_no_semi.o(.text)
    __use_no_semihosting_swi                 0x0800382b   Thumb Code     2  use_no_semi.o(.text)
    __read_errno                             0x0800382d   Thumb Code    10  _rserrno.o(.text)
    __set_errno                              0x08003837   Thumb Code    12  _rserrno.o(.text)
    _printf_int_common                       0x08003843   Thumb Code   178  _printf_intcommon.o(.text)
    __lib_sel_fp_printf                      0x080038f5   Thumb Code     2  _printf_fp_dec.o(.text)
    _printf_fp_dec_real                      0x08003aa7   Thumb Code   620  _printf_fp_dec.o(.text)
    _printf_char_common                      0x08003d1f   Thumb Code    32  _printf_char_common.o(.text)
    _sputc                                   0x08003d45   Thumb Code    10  _sputc.o(.text)
    _printf_char_file                        0x08003d51   Thumb Code    32  _printf_char_file.o(.text)
    __rt_locale                              0x08003d75   Thumb Code     8  rt_locale_intlibspace.o(.text)
    __aeabi_errno_addr                       0x08003d7d   Thumb Code     8  rt_errno_addr_intlibspace.o(.text)
    __errno$intlibspace                      0x08003d7d   Thumb Code     0  rt_errno_addr_intlibspace.o(.text)
    __rt_errno_addr$intlibspace              0x08003d7d   Thumb Code     0  rt_errno_addr_intlibspace.o(.text)
    _ll_udiv10                               0x08003d85   Thumb Code   138  lludiv10.o(.text)
    _printf_fp_infnan                        0x08003e11   Thumb Code   112  _printf_fp_infnan.o(.text)
    _btod_etento                             0x08003e91   Thumb Code   224  bigflt0.o(.text)
    ferror                                   0x08003f75   Thumb Code     8  ferror.o(.text)
    __user_libspace                          0x08003f7d   Thumb Code     8  libspace.o(.text)
    __user_perproc_libspace                  0x08003f7d   Thumb Code     0  libspace.o(.text)
    __user_perthread_libspace                0x08003f7d   Thumb Code     0  libspace.o(.text)
    __user_setup_stackheap                   0x08003f85   Thumb Code    74  sys_stackheap_outer.o(.text)
    exit                                     0x08003fcf   Thumb Code    18  exit.o(.text)
    strcmp                                   0x08003fe1   Thumb Code   128  strcmpv7m.o(.text)
    _btod_d2e                                0x08004061   Thumb Code    62  btod.o(CL$$btod_d2e)
    _d2e_denorm_low                          0x0800409f   Thumb Code    70  btod.o(CL$$btod_d2e_denorm_low)
    _d2e_norm_op1                            0x080040e5   Thumb Code    96  btod.o(CL$$btod_d2e_norm_op1)
    __btod_div_common                        0x08004145   Thumb Code   696  btod.o(CL$$btod_div_common)
    _e2e                                     0x0800447d   Thumb Code   220  btod.o(CL$$btod_e2e)
    _btod_ediv                               0x08004559   Thumb Code    42  btod.o(CL$$btod_ediv)
    _btod_emul                               0x08004583   Thumb Code    42  btod.o(CL$$btod_emul)
    __btod_mult_common                       0x080045ad   Thumb Code   580  btod.o(CL$$btod_mult_common)
    __ARM_fpclassify                         0x080047f1   Thumb Code    40  fpclassify.o(i.__ARM_fpclassify)
    __kernel_poly                            0x08004819   Thumb Code   170  poly.o(i.__kernel_poly)
    __mathlib_dbl_infnan                     0x080048c3   Thumb Code     6  dunder.o(i.__mathlib_dbl_infnan)
    __mathlib_dbl_infnan2                    0x080048c9   Thumb Code     4  dunder.o(i.__mathlib_dbl_infnan2)
    __mathlib_dbl_underflow                  0x080048cd   Thumb Code    10  dunder.o(i.__mathlib_dbl_underflow)
    _is_digit                                0x080048dd   Thumb Code    14  __printf_wp.o(i._is_digit)
    atan                                     0x080048ed   Thumb Code   474  atan.o(i.atan)
    atan2                                    0x08004b0d   Thumb Code   346  atan2.o(i.atan2)
    draw_circle_8                            0x08004c8d   Thumb Code   132  lcd.o(i.draw_circle_8)
    sqrt                                     0x08004d11   Thumb Code    76  sqrt.o(i.sqrt)
    swap_int                                 0x08004d5d   Thumb Code    26  lcd.o(i.swap_int)
    _get_lc_numeric                          0x08004d79   Thumb Code    44  lc_numeric_c.o(locale$$code)
    __aeabi_d2f                              0x08004da5   Thumb Code     0  d2f.o(x$fpl$d2f)
    _d2f                                     0x08004da5   Thumb Code    98  d2f.o(x$fpl$d2f)
    __aeabi_dadd                             0x08004e09   Thumb Code     0  daddsub_clz.o(x$fpl$dadd)
    _dadd                                    0x08004e09   Thumb Code   332  daddsub_clz.o(x$fpl$dadd)
    __fpl_dcheck_NaN1                        0x08004f59   Thumb Code    10  dcheck1.o(x$fpl$dcheck1)
    __aeabi_ddiv                             0x08004f69   Thumb Code     0  ddiv.o(x$fpl$ddiv)
    _ddiv                                    0x08004f69   Thumb Code   552  ddiv.o(x$fpl$ddiv)
    __aeabi_d2uiz                            0x08005219   Thumb Code     0  dfixu.o(x$fpl$dfixu)
    _dfixu                                   0x08005219   Thumb Code    90  dfixu.o(x$fpl$dfixu)
    __aeabi_dmul                             0x08005275   Thumb Code     0  dmul.o(x$fpl$dmul)
    _dmul                                    0x08005275   Thumb Code   332  dmul.o(x$fpl$dmul)
    __fpl_dnaninf                            0x080053c9   Thumb Code   156  dnaninf.o(x$fpl$dnaninf)
    __fpl_dretinf                            0x08005465   Thumb Code    12  dretinf.o(x$fpl$dretinf)
    __aeabi_drsub                            0x08005471   Thumb Code     0  daddsub_clz.o(x$fpl$drsb)
    _drsb                                    0x08005471   Thumb Code    22  daddsub_clz.o(x$fpl$drsb)
    _dsqrt                                   0x08005489   Thumb Code   456  dsqrt_noumaal.o(x$fpl$dsqrt)
    __aeabi_dsub                             0x08005655   Thumb Code     0  daddsub_clz.o(x$fpl$dsub)
    _dsub                                    0x08005655   Thumb Code   464  daddsub_clz.o(x$fpl$dsub)
    __aeabi_f2d                              0x08005829   Thumb Code     0  f2d.o(x$fpl$f2d)
    _f2d                                     0x08005829   Thumb Code    86  f2d.o(x$fpl$f2d)
    __aeabi_fadd                             0x08005881   Thumb Code     0  faddsub_clz.o(x$fpl$fadd)
    _fadd                                    0x08005881   Thumb Code   196  faddsub_clz.o(x$fpl$fadd)
    __fpl_fcmp_Inf                           0x08005945   Thumb Code    24  fcmpi.o(x$fpl$fcmpinf)
    __aeabi_fdiv                             0x0800595d   Thumb Code     0  fdiv.o(x$fpl$fdiv)
    _fdiv                                    0x0800595d   Thumb Code   384  fdiv.o(x$fpl$fdiv)
    __aeabi_i2f                              0x08005ae1   Thumb Code     0  fflt_clz.o(x$fpl$fflt)
    _fflt                                    0x08005ae1   Thumb Code    48  fflt_clz.o(x$fpl$fflt)
    __aeabi_ui2f                             0x08005b11   Thumb Code     0  fflt_clz.o(x$fpl$ffltu)
    _ffltu                                   0x08005b11   Thumb Code    38  fflt_clz.o(x$fpl$ffltu)
    __aeabi_cfcmple                          0x08005b39   Thumb Code     0  fleqf.o(x$fpl$fleqf)
    _fcmple                                  0x08005b39   Thumb Code   104  fleqf.o(x$fpl$fleqf)
    __fpl_fcmple_InfNaN                      0x08005b8b   Thumb Code     0  fleqf.o(x$fpl$fleqf)
    __aeabi_fmul                             0x08005ba1   Thumb Code     0  fmul.o(x$fpl$fmul)
    _fmul                                    0x08005ba1   Thumb Code   258  fmul.o(x$fpl$fmul)
    __fpl_fnaninf                            0x08005ca3   Thumb Code   140  fnaninf.o(x$fpl$fnaninf)
    __fpl_fretinf                            0x08005d2f   Thumb Code    10  fretinf.o(x$fpl$fretinf)
    __aeabi_cfrcmple                         0x08005d39   Thumb Code     0  frleqf.o(x$fpl$frleqf)
    _frcmple                                 0x08005d39   Thumb Code    98  frleqf.o(x$fpl$frleqf)
    __aeabi_fsub                             0x08005d9d   Thumb Code     0  faddsub_clz.o(x$fpl$fsub)
    _fsub                                    0x08005d9d   Thumb Code   234  faddsub_clz.o(x$fpl$fsub)
    _printf_fp_dec                           0x08005e87   Thumb Code     4  printf1.o(x$fpl$printf1)
    __fpl_return_NaN                         0x08005e8b   Thumb Code   100  retnan.o(x$fpl$retnan)
    __ARM_scalbn                             0x08005eef   Thumb Code    92  scalbn.o(x$fpl$scalbn)
    __fpl_cmpreturn                          0x08005f4b   Thumb Code    48  trapv.o(x$fpl$trapveneer)
    __I$use$fp                               0x08005f7a   Number         0  usenofp.o(x$fpl$usenofp)
    asc2_1206                                0x08005f7a   Data        1140  lcd.o(.constdata)
    asc2_1608                                0x080063ee   Data        1520  lcd.o(.constdata)
    __mathlib_zero                           0x08006ab0   Data           8  qnan.o(.constdata)
    Region$$Table$$Base                      0x08006b4c   Number         0  anon$$obj.o(Region$$Table)
    Region$$Table$$Limit                     0x08006b6c   Number         0  anon$$obj.o(Region$$Table)
    SystemCoreClock                          0x20000000   Data           4  system_stm32f10x.o(.data)
    AHBPrescTable                            0x20000004   Data          16  system_stm32f10x.o(.data)
    __stdout                                 0x2000002c   Data           4  usart.o(.data)
    USART_RX_STA                             0x20000030   Data           2  usart.o(.data)
    R_Impedance                              0x20000034   Data           4  main.o(.data)
    realData                                 0x20000038   Data           4  main.o(.data)
    imageData                                0x2000003c   Data           4  main.o(.data)
    GB_16                                    0x20000040   Data         748  lcd.o(.data)
    num                                      0x2000032c   Data         204  lcd.o(.data)
    ReadTemp                                 0x200003fc   Data           4  ad5933.o(.data)
    USART_RX_BUF                             0x20000404   Data          63  usart.o(.bss)
    disStr                                   0x20000443   Data          64  main.o(.bss)
    LCD_GRAM                                 0x20000483   Data        1024  lcd.o(.bss)
    resistance                               0x20000884   Data         200  ad5933.o(.bss)
    rads                                     0x2000094c   Data         200  ad5933.o(.bss)
    AD5933_Dat_Re                            0x20000a14   Data         200  ad5933.o(.bss)
    AD5933_Dat_Im                            0x20000adc   Data         200  ad5933.o(.bss)
    realArr                                  0x20000ba4   Data          12  ad5933.o(.bss)
    imageArr                                 0x20000bb0   Data          12  ad5933.o(.bss)
    __libspace_start                         0x20000bbc   Data          96  libspace.o(.bss)
    __temporary_stack_top$libspace           0x20000c1c   Data           0  libspace.o(.bss)



==============================================================================

Memory Map of the image

  Image Entry point : 0x080000ed

  Load Region LR_IROM1 (Base: 0x08000000, Size: 0x00006f8c, Max: 0x00020000, ABSOLUTE, COMPRESSED[0x00006ea4])

    Execution Region ER_IROM1 (Exec base: 0x08000000, Load base: 0x08000000, Size: 0x00006b88, Max: 0x00020000, ABSOLUTE)

    Exec Addr    Load Addr    Size         Type   Attr      Idx    E Section Name        Object

    0x08000000   0x08000000   0x000000ec   Data   RO          142    RESET               startup_stm32f10x_md.o
    0x080000ec   0x080000ec   0x00000008   Code   RO          749  * !!!main             c_w.l(__main.o)
    0x080000f4   0x080000f4   0x00000034   Code   RO         1085    !!!scatter          c_w.l(__scatter.o)
    0x08000128   0x08000128   0x0000005a   Code   RO         1083    !!dczerorl2         c_w.l(__dczerorl2.o)
    0x08000182   0x08000182   0x00000002   PAD
    0x08000184   0x08000184   0x0000001c   Code   RO         1087    !!handler_zi        c_w.l(__scatter_zi.o)
    0x080001a0   0x080001a0   0x00000000   Code   RO          746    .ARM.Collect$$_printf_percent$$00000000  c_w.l(_printf_percent.o)
    0x080001a0   0x080001a0   0x00000006   Code   RO          745    .ARM.Collect$$_printf_percent$$00000003  c_w.l(_printf_f.o)
    0x080001a6   0x080001a6   0x00000006   Code   RO          744    .ARM.Collect$$_printf_percent$$0000000C  c_w.l(_printf_x.o)
    0x080001ac   0x080001ac   0x00000004   Code   RO          822    .ARM.Collect$$_printf_percent$$00000017  c_w.l(_printf_percent_end.o)
    0x080001b0   0x080001b0   0x00000002   Code   RO          954    .ARM.Collect$$libinit$$00000000  c_w.l(libinit.o)
    0x080001b2   0x080001b2   0x00000000   Code   RO          956    .ARM.Collect$$libinit$$00000002  c_w.l(libinit2.o)
    0x080001b2   0x080001b2   0x00000000   Code   RO          958    .ARM.Collect$$libinit$$00000004  c_w.l(libinit2.o)
    0x080001b2   0x080001b2   0x00000000   Code   RO          961    .ARM.Collect$$libinit$$0000000A  c_w.l(libinit2.o)
    0x080001b2   0x080001b2   0x00000000   Code   RO          963    .ARM.Collect$$libinit$$0000000C  c_w.l(libinit2.o)
    0x080001b2   0x080001b2   0x00000000   Code   RO          965    .ARM.Collect$$libinit$$0000000E  c_w.l(libinit2.o)
    0x080001b2   0x080001b2   0x00000006   Code   RO          966    .ARM.Collect$$libinit$$0000000F  c_w.l(libinit2.o)
    0x080001b8   0x080001b8   0x00000000   Code   RO          968    .ARM.Collect$$libinit$$00000011  c_w.l(libinit2.o)
    0x080001b8   0x080001b8   0x00000000   Code   RO          970    .ARM.Collect$$libinit$$00000013  c_w.l(libinit2.o)
    0x080001b8   0x080001b8   0x00000000   Code   RO          972    .ARM.Collect$$libinit$$00000015  c_w.l(libinit2.o)
    0x080001b8   0x080001b8   0x0000000a   Code   RO          973    .ARM.Collect$$libinit$$00000016  c_w.l(libinit2.o)
    0x080001c2   0x080001c2   0x00000000   Code   RO          974    .ARM.Collect$$libinit$$00000017  c_w.l(libinit2.o)
    0x080001c2   0x080001c2   0x00000000   Code   RO          976    .ARM.Collect$$libinit$$00000019  c_w.l(libinit2.o)
    0x080001c2   0x080001c2   0x00000000   Code   RO          978    .ARM.Collect$$libinit$$0000001B  c_w.l(libinit2.o)
    0x080001c2   0x080001c2   0x00000000   Code   RO          980    .ARM.Collect$$libinit$$0000001D  c_w.l(libinit2.o)
    0x080001c2   0x080001c2   0x00000000   Code   RO          982    .ARM.Collect$$libinit$$0000001F  c_w.l(libinit2.o)
    0x080001c2   0x080001c2   0x00000000   Code   RO          984    .ARM.Collect$$libinit$$00000021  c_w.l(libinit2.o)
    0x080001c2   0x080001c2   0x00000000   Code   RO          986    .ARM.Collect$$libinit$$00000023  c_w.l(libinit2.o)
    0x080001c2   0x080001c2   0x00000000   Code   RO          988    .ARM.Collect$$libinit$$00000025  c_w.l(libinit2.o)
    0x080001c2   0x080001c2   0x00000000   Code   RO          992    .ARM.Collect$$libinit$$0000002C  c_w.l(libinit2.o)
    0x080001c2   0x080001c2   0x00000000   Code   RO          994    .ARM.Collect$$libinit$$0000002E  c_w.l(libinit2.o)
    0x080001c2   0x080001c2   0x00000000   Code   RO          996    .ARM.Collect$$libinit$$00000030  c_w.l(libinit2.o)
    0x080001c2   0x080001c2   0x00000000   Code   RO          998    .ARM.Collect$$libinit$$00000032  c_w.l(libinit2.o)
    0x080001c2   0x080001c2   0x00000002   Code   RO          999    .ARM.Collect$$libinit$$00000033  c_w.l(libinit2.o)
    0x080001c4   0x080001c4   0x00000002   Code   RO         1033    .ARM.Collect$$libshutdown$$00000000  c_w.l(libshutdown.o)
    0x080001c6   0x080001c6   0x00000000   Code   RO         1042    .ARM.Collect$$libshutdown$$00000002  c_w.l(libshutdown2.o)
    0x080001c6   0x080001c6   0x00000000   Code   RO         1044    .ARM.Collect$$libshutdown$$00000004  c_w.l(libshutdown2.o)
    0x080001c6   0x080001c6   0x00000000   Code   RO         1047    .ARM.Collect$$libshutdown$$00000007  c_w.l(libshutdown2.o)
    0x080001c6   0x080001c6   0x00000000   Code   RO         1050    .ARM.Collect$$libshutdown$$0000000A  c_w.l(libshutdown2.o)
    0x080001c6   0x080001c6   0x00000000   Code   RO         1052    .ARM.Collect$$libshutdown$$0000000C  c_w.l(libshutdown2.o)
    0x080001c6   0x080001c6   0x00000000   Code   RO         1055    .ARM.Collect$$libshutdown$$0000000F  c_w.l(libshutdown2.o)
    0x080001c6   0x080001c6   0x00000002   Code   RO         1056    .ARM.Collect$$libshutdown$$00000010  c_w.l(libshutdown2.o)
    0x080001c8   0x080001c8   0x00000000   Code   RO          809    .ARM.Collect$$rtentry$$00000000  c_w.l(__rtentry.o)
    0x080001c8   0x080001c8   0x00000000   Code   RO          868    .ARM.Collect$$rtentry$$00000002  c_w.l(__rtentry2.o)
    0x080001c8   0x080001c8   0x00000006   Code   RO          880    .ARM.Collect$$rtentry$$00000004  c_w.l(__rtentry4.o)
    0x080001ce   0x080001ce   0x00000000   Code   RO          870    .ARM.Collect$$rtentry$$00000009  c_w.l(__rtentry2.o)
    0x080001ce   0x080001ce   0x00000004   Code   RO          871    .ARM.Collect$$rtentry$$0000000A  c_w.l(__rtentry2.o)
    0x080001d2   0x080001d2   0x00000000   Code   RO          873    .ARM.Collect$$rtentry$$0000000C  c_w.l(__rtentry2.o)
    0x080001d2   0x080001d2   0x00000008   Code   RO          874    .ARM.Collect$$rtentry$$0000000D  c_w.l(__rtentry2.o)
    0x080001da   0x080001da   0x00000002   Code   RO         1002    .ARM.Collect$$rtexit$$00000000  c_w.l(rtexit.o)
    0x080001dc   0x080001dc   0x00000000   Code   RO         1011    .ARM.Collect$$rtexit$$00000002  c_w.l(rtexit2.o)
    0x080001dc   0x080001dc   0x00000004   Code   RO         1012    .ARM.Collect$$rtexit$$00000003  c_w.l(rtexit2.o)
    0x080001e0   0x080001e0   0x00000006   Code   RO         1013    .ARM.Collect$$rtexit$$00000004  c_w.l(rtexit2.o)
    0x080001e6   0x080001e6   0x00000002   PAD
    0x080001e8   0x080001e8   0x00000002   Code   RO          448    .emb_text           sys.o
    0x080001ea   0x080001ea   0x00000002   PAD
    0x080001ec   0x080001ec   0x00000048   Code   RO           17    .text               stm32f10x_it.o
    0x08000234   0x08000234   0x000001e0   Code   RO          122    .text               system_stm32f10x.o
    0x08000414   0x08000414   0x00000040   Code   RO          143    .text               startup_stm32f10x_md.o
    0x08000454   0x08000454   0x000000dc   Code   RO          147    .text               misc.o
    0x08000530   0x08000530   0x0000035c   Code   RO          186    .text               stm32f10x_gpio.o
    0x0800088c   0x0800088c   0x000003a4   Code   RO          198    .text               stm32f10x_rcc.o
    0x08000c30   0x08000c30   0x00000408   Code   RO          212    .text               stm32f10x_usart.o
    0x08001038   0x08001038   0x00000e1a   Code   RO          410    .text               stm32f10x_tim.o
    0x08001e52   0x08001e52   0x00000002   PAD
    0x08001e54   0x08001e54   0x000000d0   Code   RO          434    .text               delay.o
    0x08001f24   0x08001f24   0x0000031c   Code   RO          449    .text               sys.o
    0x08002240   0x08002240   0x0000018c   Code   RO          464    .text               usart.o
    0x080023cc   0x080023cc   0x000000cc   Code   RO          490    .text               main.o
    0x08002498   0x08002498   0x000000b0   Code   RO          605    .text               interface.o
    0x08002548   0x08002548   0x00000928   Code   RO          632    .text               lcd.o
    0x08002e70   0x08002e70   0x00000790   Code   RO          671    .text               ad5933.o
    0x08003600   0x08003600   0x00000002   Code   RO          689    .text               c_w.l(use_no_semi_2.o)
    0x08003602   0x08003602   0x00000002   PAD
    0x08003604   0x08003604   0x00000018   Code   RO          695    .text               c_w.l(noretval__2printf.o)
    0x0800361c   0x0800361c   0x00000028   Code   RO          697    .text               c_w.l(noretval__2sprintf.o)
    0x08003644   0x08003644   0x0000004e   Code   RO          701    .text               c_w.l(_printf_pad.o)
    0x08003692   0x08003692   0x00000002   PAD
    0x08003694   0x08003694   0x00000058   Code   RO          706    .text               c_w.l(_printf_hex_int.o)
    0x080036ec   0x080036ec   0x00000138   Code   RO          736    .text               c_w.l(__printf_flags_wp.o)
    0x08003824   0x08003824   0x00000006   Code   RO          747    .text               c_w.l(heapauxi.o)
    0x0800382a   0x0800382a   0x00000002   Code   RO          807    .text               c_w.l(use_no_semi.o)
    0x0800382c   0x0800382c   0x00000016   Code   RO          810    .text               c_w.l(_rserrno.o)
    0x08003842   0x08003842   0x000000b2   Code   RO          812    .text               c_w.l(_printf_intcommon.o)
    0x080038f4   0x080038f4   0x0000041e   Code   RO          814    .text               c_w.l(_printf_fp_dec.o)
    0x08003d12   0x08003d12   0x00000002   PAD
    0x08003d14   0x08003d14   0x00000030   Code   RO          816    .text               c_w.l(_printf_char_common.o)
    0x08003d44   0x08003d44   0x0000000a   Code   RO          818    .text               c_w.l(_sputc.o)
    0x08003d4e   0x08003d4e   0x00000002   PAD
    0x08003d50   0x08003d50   0x00000024   Code   RO          820    .text               c_w.l(_printf_char_file.o)
    0x08003d74   0x08003d74   0x00000008   Code   RO          885    .text               c_w.l(rt_locale_intlibspace.o)
    0x08003d7c   0x08003d7c   0x00000008   Code   RO          890    .text               c_w.l(rt_errno_addr_intlibspace.o)
    0x08003d84   0x08003d84   0x0000008a   Code   RO          892    .text               c_w.l(lludiv10.o)
    0x08003e0e   0x08003e0e   0x00000002   PAD
    0x08003e10   0x08003e10   0x00000080   Code   RO          894    .text               c_w.l(_printf_fp_infnan.o)
    0x08003e90   0x08003e90   0x000000e4   Code   RO          898    .text               c_w.l(bigflt0.o)
    0x08003f74   0x08003f74   0x00000008   Code   RO          923    .text               c_w.l(ferror.o)
    0x08003f7c   0x08003f7c   0x00000008   Code   RO          940    .text               c_w.l(libspace.o)
    0x08003f84   0x08003f84   0x0000004a   Code   RO          943    .text               c_w.l(sys_stackheap_outer.o)
    0x08003fce   0x08003fce   0x00000012   Code   RO          945    .text               c_w.l(exit.o)
    0x08003fe0   0x08003fe0   0x00000080   Code   RO          947    .text               c_w.l(strcmpv7m.o)
    0x08004060   0x08004060   0x0000003e   Code   RO          901    CL$$btod_d2e        c_w.l(btod.o)
    0x0800409e   0x0800409e   0x00000046   Code   RO          903    CL$$btod_d2e_denorm_low  c_w.l(btod.o)
    0x080040e4   0x080040e4   0x00000060   Code   RO          902    CL$$btod_d2e_norm_op1  c_w.l(btod.o)
    0x08004144   0x08004144   0x00000338   Code   RO          911    CL$$btod_div_common  c_w.l(btod.o)
    0x0800447c   0x0800447c   0x000000dc   Code   RO          908    CL$$btod_e2e        c_w.l(btod.o)
    0x08004558   0x08004558   0x0000002a   Code   RO          905    CL$$btod_ediv       c_w.l(btod.o)
    0x08004582   0x08004582   0x0000002a   Code   RO          904    CL$$btod_emul       c_w.l(btod.o)
    0x080045ac   0x080045ac   0x00000244   Code   RO          910    CL$$btod_mult_common  c_w.l(btod.o)
    0x080047f0   0x080047f0   0x00000028   Code   RO          936    i.__ARM_fpclassify  m_ws.l(fpclassify.o)
    0x08004818   0x08004818   0x000000aa   Code   RO          938    i.__kernel_poly     m_ws.l(poly.o)
    0x080048c2   0x080048c2   0x00000006   Code   RO          853    i.__mathlib_dbl_infnan  m_ws.l(dunder.o)
    0x080048c8   0x080048c8   0x00000004   Code   RO          854    i.__mathlib_dbl_infnan2  m_ws.l(dunder.o)
    0x080048cc   0x080048cc   0x00000010   Code   RO          858    i.__mathlib_dbl_underflow  m_ws.l(dunder.o)
    0x080048dc   0x080048dc   0x0000000e   Code   RO          734    i._is_digit         c_w.l(__printf_wp.o)
    0x080048ea   0x080048ea   0x00000002   PAD
    0x080048ec   0x080048ec   0x00000220   Code   RO          843    i.atan              m_ws.l(atan.o)
    0x08004b0c   0x08004b0c   0x00000180   Code   RO          792    i.atan2             m_ws.l(atan2.o)
    0x08004c8c   0x08004c8c   0x00000084   Code   RO          652    i.draw_circle_8     lcd.o
    0x08004d10   0x08004d10   0x0000004c   Code   RO          800    i.sqrt              m_ws.l(sqrt.o)
    0x08004d5c   0x08004d5c   0x0000001a   Code   RO          646    i.swap_int          lcd.o
    0x08004d76   0x08004d76   0x00000002   PAD
    0x08004d78   0x08004d78   0x0000002c   Code   RO          928    locale$$code        c_w.l(lc_numeric_c.o)
    0x08004da4   0x08004da4   0x00000062   Code   RO          751    x$fpl$d2f           fz_ws.l(d2f.o)
    0x08004e06   0x08004e06   0x00000002   PAD
    0x08004e08   0x08004e08   0x00000150   Code   RO          753    x$fpl$dadd          fz_ws.l(daddsub_clz.o)
    0x08004f58   0x08004f58   0x00000010   Code   RO         1000    x$fpl$dcheck1       fz_ws.l(dcheck1.o)
    0x08004f68   0x08004f68   0x000002b0   Code   RO          824    x$fpl$ddiv          fz_ws.l(ddiv.o)
    0x08005218   0x08005218   0x0000005a   Code   RO          759    x$fpl$dfixu         fz_ws.l(dfixu.o)
    0x08005272   0x08005272   0x00000002   PAD
    0x08005274   0x08005274   0x00000154   Code   RO          763    x$fpl$dmul          fz_ws.l(dmul.o)
    0x080053c8   0x080053c8   0x0000009c   Code   RO          829    x$fpl$dnaninf       fz_ws.l(dnaninf.o)
    0x08005464   0x08005464   0x0000000c   Code   RO          831    x$fpl$dretinf       fz_ws.l(dretinf.o)
    0x08005470   0x08005470   0x00000016   Code   RO          754    x$fpl$drsb          fz_ws.l(daddsub_clz.o)
    0x08005486   0x08005486   0x00000002   PAD
    0x08005488   0x08005488   0x000001cc   Code   RO          833    x$fpl$dsqrt         fz_ws.l(dsqrt_noumaal.o)
    0x08005654   0x08005654   0x000001d4   Code   RO          755    x$fpl$dsub          fz_ws.l(daddsub_clz.o)
    0x08005828   0x08005828   0x00000056   Code   RO          765    x$fpl$f2d           fz_ws.l(f2d.o)
    0x0800587e   0x0800587e   0x00000002   PAD
    0x08005880   0x08005880   0x000000c4   Code   RO          767    x$fpl$fadd          fz_ws.l(faddsub_clz.o)
    0x08005944   0x08005944   0x00000018   Code   RO          835    x$fpl$fcmpinf       fz_ws.l(fcmpi.o)
    0x0800595c   0x0800595c   0x00000184   Code   RO          774    x$fpl$fdiv          fz_ws.l(fdiv.o)
    0x08005ae0   0x08005ae0   0x00000030   Code   RO          778    x$fpl$fflt          fz_ws.l(fflt_clz.o)
    0x08005b10   0x08005b10   0x00000026   Code   RO          777    x$fpl$ffltu         fz_ws.l(fflt_clz.o)
    0x08005b36   0x08005b36   0x00000002   PAD
    0x08005b38   0x08005b38   0x00000068   Code   RO          783    x$fpl$fleqf         fz_ws.l(fleqf.o)
    0x08005ba0   0x08005ba0   0x00000102   Code   RO          785    x$fpl$fmul          fz_ws.l(fmul.o)
    0x08005ca2   0x08005ca2   0x0000008c   Code   RO          837    x$fpl$fnaninf       fz_ws.l(fnaninf.o)
    0x08005d2e   0x08005d2e   0x0000000a   Code   RO          839    x$fpl$fretinf       fz_ws.l(fretinf.o)
    0x08005d38   0x08005d38   0x00000062   Code   RO          787    x$fpl$frleqf        fz_ws.l(frleqf.o)
    0x08005d9a   0x08005d9a   0x00000002   PAD
    0x08005d9c   0x08005d9c   0x000000ea   Code   RO          769    x$fpl$fsub          fz_ws.l(faddsub_clz.o)
    0x08005e86   0x08005e86   0x00000004   Code   RO          789    x$fpl$printf1       fz_ws.l(printf1.o)
    0x08005e8a   0x08005e8a   0x00000064   Code   RO         1008    x$fpl$retnan        fz_ws.l(retnan.o)
    0x08005eee   0x08005eee   0x0000005c   Code   RO          934    x$fpl$scalbn        fz_ws.l(scalbn.o)
    0x08005f4a   0x08005f4a   0x00000030   Code   RO         1021    x$fpl$trapveneer    fz_ws.l(trapv.o)
    0x08005f7a   0x08005f7a   0x00000000   Code   RO          841    x$fpl$usenofp       fz_ws.l(usenofp.o)
    0x08005f7a   0x08005f7a   0x00000a64   Data   RO          634    .constdata          lcd.o
    0x080069de   0x080069de   0x00000028   Data   RO          707    .constdata          c_w.l(_printf_hex_int.o)
    0x08006a06   0x08006a06   0x00000011   Data   RO          737    .constdata          c_w.l(__printf_flags_wp.o)
    0x08006a17   0x08006a17   0x00000001   PAD
    0x08006a18   0x08006a18   0x00000098   Data   RO          844    .constdata          m_ws.l(atan.o)
    0x08006ab0   0x08006ab0   0x00000008   Data   RO          866    .constdata          m_ws.l(qnan.o)
    0x08006ab8   0x08006ab8   0x00000094   Data   RO          899    .constdata          c_w.l(bigflt0.o)
    0x08006b4c   0x08006b4c   0x00000020   Data   RO         1081    Region$$Table       anon$$obj.o
    0x08006b6c   0x08006b6c   0x0000001c   Data   RO          927    locale$$data        c_w.l(lc_numeric_c.o)


    Execution Region RW_IRAM1 (Exec base: 0x20000000, Load base: 0x08006b88, Size: 0x00001220, Max: 0x00005000, ABSOLUTE, COMPRESSED[0x0000031c])

    Exec Addr    Load Addr    Size         Type   Attr      Idx    E Section Name        Object

    0x20000000   COMPRESSED   0x00000014   Data   RW          123    .data               system_stm32f10x.o
    0x20000014   COMPRESSED   0x00000014   Data   RW          199    .data               stm32f10x_rcc.o
    0x20000028   COMPRESSED   0x00000004   Data   RW          435    .data               delay.o
    0x2000002c   COMPRESSED   0x00000006   Data   RW          466    .data               usart.o
    0x20000032   COMPRESSED   0x00000002   PAD
    0x20000034   COMPRESSED   0x0000000c   Data   RW          492    .data               main.o
    0x20000040   COMPRESSED   0x000003bc   Data   RW          635    .data               lcd.o
    0x200003fc   COMPRESSED   0x00000006   Data   RW          673    .data               ad5933.o
    0x20000402   COMPRESSED   0x00000002   PAD
    0x20000404        -       0x0000003f   Zero   RW          465    .bss                usart.o
    0x20000443        -       0x00000040   Zero   RW          491    .bss                main.o
    0x20000483        -       0x00000400   Zero   RW          633    .bss                lcd.o
    0x20000883   COMPRESSED   0x00000001   PAD
    0x20000884        -       0x00000338   Zero   RW          672    .bss                ad5933.o
    0x20000bbc        -       0x00000060   Zero   RW          941    .bss                c_w.l(libspace.o)
    0x20000c1c   COMPRESSED   0x00000004   PAD
    0x20000c20        -       0x00000200   Zero   RW          141    HEAP                startup_stm32f10x_md.o
    0x20000e20        -       0x00000400   Zero   RW          140    STACK               startup_stm32f10x_md.o


==============================================================================

Image component sizes


      Code (inc. data)   RO Data    RW Data    ZI Data      Debug   Object Name

      1936         70          0          6        824       7009   ad5933.o
         0          0          0          0          0       4532   core_cm3.o
       208          8          0          4          0       1399   delay.o
       176         54          0          0          0        693   interface.o
      2502         48       2660        956       1024      13044   lcd.o
       204         78          0         12         64     211711   main.o
       220         22          0          0          0       2153   misc.o
        64         26        236          0       1536        960   startup_stm32f10x_md.o
       860         38          0          0          0       6081   stm32f10x_gpio.o
        72         34          0          0          0     249538   stm32f10x_it.o
       932         36          0         20          0       9432   stm32f10x_rcc.o
      3610         88          0          0          0      23192   stm32f10x_tim.o
      1032         22          0          0          0       8808   stm32f10x_usart.o
       798         52          0          0          0       4228   sys.o
       480         38          0         20          0       2343   system_stm32f10x.o
       396         16          0          6         63       3652   usart.o

    ----------------------------------------------------------------------
     13496        630       2928       1028       3512     548775   Object Totals
         0          0         32          0          0          0   (incl. Generated)
         6          0          0          4          1          0   (incl. Padding)

    ----------------------------------------------------------------------

      Code (inc. data)   RO Data    RW Data    ZI Data      Debug   Library Member Name

        90          0          0          0          0          0   __dczerorl2.o
         8          0          0          0          0         68   __main.o
       312          4         17          0          0         92   __printf_flags_wp.o
        14          0          0          0          0         68   __printf_wp.o
         0          0          0          0          0          0   __rtentry.o
        12          0          0          0          0          0   __rtentry2.o
         6          0          0          0          0          0   __rtentry4.o
        52          8          0          0          0          0   __scatter.o
        28          0          0          0          0          0   __scatter_zi.o
        48          6          0          0          0         96   _printf_char_common.o
        36          4          0          0          0         80   _printf_char_file.o
         6          0          0          0          0          0   _printf_f.o
      1054          0          0          0          0        216   _printf_fp_dec.o
       128         16          0          0          0         84   _printf_fp_infnan.o
        88          4         40          0          0         88   _printf_hex_int.o
       178          0          0          0          0         88   _printf_intcommon.o
        78          0          0          0          0        108   _printf_pad.o
         0          0          0          0          0          0   _printf_percent.o
         4          0          0          0          0          0   _printf_percent_end.o
         6          0          0          0          0          0   _printf_x.o
        22          0          0          0          0        100   _rserrno.o
        10          0          0          0          0         68   _sputc.o
       228          4        148          0          0         96   bigflt0.o
      1936        128          0          0          0        672   btod.o
        18          0          0          0          0         80   exit.o
         8          0          0          0          0         68   ferror.o
         6          0          0          0          0        152   heapauxi.o
        44         10         28          0          0         76   lc_numeric_c.o
         2          0          0          0          0          0   libinit.o
        18          0          0          0          0          0   libinit2.o
         2          0          0          0          0          0   libshutdown.o
         2          0          0          0          0          0   libshutdown2.o
         8          4          0          0         96         68   libspace.o
       138          0          0          0          0         80   lludiv10.o
        24          4          0          0          0         84   noretval__2printf.o
        40          6          0          0          0         84   noretval__2sprintf.o
         8          4          0          0          0         68   rt_errno_addr_intlibspace.o
         8          4          0          0          0         68   rt_locale_intlibspace.o
         2          0          0          0          0          0   rtexit.o
        10          0          0          0          0          0   rtexit2.o
       128          0          0          0          0         68   strcmpv7m.o
        74          0          0          0          0         80   sys_stackheap_outer.o
         2          0          0          0          0         68   use_no_semi.o
         2          0          0          0          0         68   use_no_semi_2.o
        98          4          0          0          0         92   d2f.o
       826         16          0          0          0        348   daddsub_clz.o
        16          4          0          0          0         68   dcheck1.o
       688        140          0          0          0        208   ddiv.o
        90          4          0          0          0         92   dfixu.o
       340         12          0          0          0        104   dmul.o
       156          4          0          0          0         92   dnaninf.o
        12          0          0          0          0         68   dretinf.o
       460         56          0          0          0        120   dsqrt_noumaal.o
        86          4          0          0          0         84   f2d.o
       430          8          0          0          0        168   faddsub_clz.o
        24          0          0          0          0         68   fcmpi.o
       388         76          0          0          0         96   fdiv.o
        86          0          0          0          0        136   fflt_clz.o
       104          4          0          0          0         84   fleqf.o
       258          4          0          0          0         84   fmul.o
       140          4          0          0          0         84   fnaninf.o
        10          0          0          0          0         68   fretinf.o
        98          0          0          0          0         68   frleqf.o
         4          0          0          0          0         68   printf1.o
       100          0          0          0          0         68   retnan.o
        92          0          0          0          0         68   scalbn.o
        48          0          0          0          0         68   trapv.o
         0          0          0          0          0          0   usenofp.o
       544         70        152          0          0        124   atan.o
       384         38          0          0          0        144   atan2.o
        26          6          0          0          0        204   dunder.o
        40          0          0          0          0         68   fpclassify.o
       170          0          0          0          0         96   poly.o
         0          0          8          0          0          0   qnan.o
        76          0          0          0          0         84   sqrt.o

    ----------------------------------------------------------------------
     10710        660        394          0        100       6160   Library Totals
        28          0          1          0          4          0   (incl. Padding)

    ----------------------------------------------------------------------

      Code (inc. data)   RO Data    RW Data    ZI Data      Debug   Library Name

      4888        206        233          0         96       3036   c_w.l
      4554        340          0          0          0       2404   fz_ws.l
      1240        114        160          0          0        720   m_ws.l

    ----------------------------------------------------------------------
     10710        660        394          0        100       6160   Library Totals

    ----------------------------------------------------------------------

==============================================================================


      Code (inc. data)   RO Data    RW Data    ZI Data      Debug   

     24206       1290       3322       1028       3612     550095   Grand Totals
     24206       1290       3322        796       3612     550095   ELF Image Totals (compressed)
     24206       1290       3322        796          0          0   ROM Totals

==============================================================================

    Total RO  Size (Code + RO Data)                27528 (  26.88kB)
    Total RW  Size (RW Data + ZI Data)              4640 (   4.53kB)
    Total ROM Size (Code + RO Data + RW Data)      28324 (  27.66kB)

==============================================================================

